Microchip MPLAB XC8 Compiler V2.50

Linker command line:

-W3 \
  --edf=C:\Program Files\Microchip\xc8\v2.50\pic\dat\20240725155939_en.msgs \
  -cn -h+dist/default/debug\can_car_with_xf_students.X.debug.sym \
  --cmf=dist/default/debug\can_car_with_xf_students.X.debug.cmf -z \
  -Q18F97J60 -oC:\Users\diogo\AppData\Local\Temp\xcAs2m2o.\driver_tmp_3.o \
  --defsym=__MPLAB_BUILD=1 --fixupoverflow=error \
  -Mdist/default/debug/can_car_with_xf_students.X.debug.map \
  --md=C:\Users\diogo\AppData\Local\Temp\xcAs2m2o.\driver_tmp_0.dat -E1 \
  -ver=XC8 Compiler --acfsm=1493 -ASTACK=03E2h-0E7Fh -pstack=STACK \
  -ACODE=00h-01FFF7h -ACONST=00h-01FFF7h \
  -ASMALLCONST=01000h-010FFhx495,01FF00h-01FFF7h \
  -AMEDIUMCONST=01000h-0FFFFh,011000h-01FFF7h -ACOMRAM=01h-05Fh \
  -AABS1=00h-0E7Fh,0F00h-0F5Fh -ABIGRAM=01h-0E7Fh,0F00h-0F5Fh \
  -ARAM=060h-0FFh,0100h-01FFhx13,0E00h-0E7Fh,0F00h-0F5Fh -ABANK0=060h-0FFh \
  -ABANK1=0100h-01FFh -ABANK2=0200h-02FFh -ABANK3=0300h-03FFh \
  -ABANK4=0400h-04FFh -ABANK5=0500h-05FFh -ABANK6=0600h-06FFh \
  -ABANK7=0700h-07FFh -ABANK8=0800h-08FFh -ABANK9=0900h-09FFh \
  -ABANK10=0A00h-0AFFh -ABANK11=0B00h-0BFFh -ABANK12=0C00h-0CFFh \
  -ABANK13=0D00h-0DFFh -ABANK14=0E00h-0E7Fh -ABANK15=0F00h-0F5Fh \
  -ASFR=0E80h-0EFFh,0F60h-0FFFh -ABIGSFR=0E80h-0EFFh,0F60h-0FFFh \
  -ACONFIG=01FFF8h-01FFFDh \
  -preset_vec=00h,intcode=8h,intcodelo,powerup,init -pramtop=01000h \
  -psmallconst=SMALLCONST -pmediumconst=MEDIUMCONST -pconst=CONST \
  -AFARRAM=00h-00h -pjflash_buffer=01F800h \
  -prdata=COMRAM,nvrram=COMRAM,nvbit=COMRAM,rbss=COMRAM,rbit=COMRAM \
  -pfarbss=FARRAM,fardata=FARRAM,nvFARRAM=FARRAM \
  -pintsave_regs=BIGRAM,bigbss=BIGRAM,bigdata=BIGRAM -pbss=RAM \
  -pidata=CODE,irdata=CODE,ibigdata=CODE,ifardata=CODE -prparam=COMRAM \
  C:\Users\diogo\AppData\Local\Temp\xcAs2m2o.\driver_tmp_9.o \
  dist/default/debug\can_car_with_xf_students.X.debug.o 

Object code version is 3.11

Machine type is 18F97J60



                Name                               Link     Load   Length Selector   Space Scale
C:\Users\diogo\AppData\Local\Temp\xcAs2m2o.\driver_tmp_9.o
                stack                               3E2      3E2      A9E      3E2       2
                config                            1FFF8    1FFF8        6        0       4
                init                                 AE       AE        8        4       0
                reset_vec                             0        0        4        0       0
dist/default/debug\can_car_with_xf_students.X.debug.o
                intcode                               8        8       A6        4       0
                config                            1FFF8    1FFF8        6        0       4
                temp                                 2C       2C       20        1       1
                mediumconst                        FF8C     FF8C       74     7FC6       0
                text74                            14652    14652       58     8000       0
                text73                            13494    13494       FE     8000       0
                text72                            14A16    14A16        2     8000       0
                text71                            14846    14846       34     8000       0
                text70                            148A8    148A8       2E     8000       0
                text68                            13B84    13B84       C4     8000       0
                text67                            1384A    1384A       D8     8000       0
                text66                            11C18    11C18      24C     8000       0
                text65                            1173A    1173A      280     8000       0
                text64                            119BA    119BA      25E     8000       0
                text63                            13ABA    13ABA       CA     8000       0
                text62                            1452C    1452C       64     8000       0
                text61                            14590    14590       62     8000       0
                text60                            146AA    146AA       56     8000       0
                text59                            14364    14364       86     8000       0
                text58                            12EB4    12EB4      142     8000       0
                text57                            13D00    13D00       B6     8000       0
                text56                            148D6    148D6       2C     8000       0
                text55                            13C48    13C48       B8     8000       0
                text54                            145F2    145F2       60     8000       0
                text53                            14972    14972       1C     8000       0
                text52                            14902    14902       28     8000       0
                text51                            12914    12914      182     8000       0
                text50                            13136    13136      13A     8000       0
                text49                            12FF6    12FF6      140     8000       0
                text48                            13592    13592       EE     8000       0
                text47                            11E64    11E64      20E     8000       0
                text46                            14242    14242       92     8000       0
                text45                            1117E    1117E      334     8000       0
                text44                            10E34    10E34      34A     8000       0
                text43                            141AC    141AC       96     8000       0
                text42                            1445E    1445E       6A     8000       0
                text41                            14A12    14A12        4     8000       0
                text40                            149FE    149FE        8     8000       0
                text39                            1487A    1487A       2E     8000       0
                text38                            149EE    149EE       10     8000       0
                text37                            14950    14950       22     8000       0
                text36                            147D4    147D4       3A     8000       0
                text35                            149D8    149D8       16     8000       0
                text34                            149C0    149C0       18     8000       0
                text33                            149A8    149A8       18     8000       0
                text32                            12D6A    12D6A      14A     8000       0
                text31                            139EE    139EE       CC     8000       0
                text30                            14114    14114       98     8000       0
                text29                            12268    12268      1DE     8000       0
                text28                            114B2    114B2      288     8000       0
                text27                            13F18    13F18       AE     8000       0
                text26                            13270    13270      11A     8000       0
                text25                            10000    10000      74C     8000       0
                text24                            13FC6    13FC6       AA     8000       0
                text23                            13DB6    13DB6       B4     8000       0
                text22                            13E6A    13E6A       AE     8000       0
                text21                            1376A    1376A       E0     8000       0
                text20                            125EE    125EE      19A     8000       0
                text19                            12446    12446      1A8     8000       0
                text18                            142D4    142D4       90     8000       0
                text17                            14700    14700       4E     8000       0
                text16                            12C16    12C16      154     8000       0
                text15                            14070    14070       A4     8000       0
                text14                            12788    12788      18C     8000       0
                text13                            143EA    143EA       74     8000       0
                text12                            1074C    1074C      6E8     8000       0
                text11                            144C8    144C8       64     8000       0
                text10                            1498E    1498E       1A     8000       0
                text9                             14798    14798       3C     8000       0
                text8                             1492A    1492A       26     8000       0
                text7                             1480E    1480E       38     8000       0
                text6                             14A0C    14A0C        6     8000       0
                text5                             14A06    14A06        6     8000       0
                text4                             13680    13680       EA     8000       0
                text3                             12A96    12A96      180     8000       0
                text2                             13922    13922       CC     8000       0
                text1                             12072    12072      1F6     8000       0
                text0                             1338A    1338A      10A     8000       0
                cstackCOMRAM                         4C       4C       10        1       1
                bssBIGRAM                           2C8      2C8      11A      2C8       1
                bssBANK2                            200      200       C8      200       1
                bssBANK1                            100      100       C8      100       1
                bssBANK0                             60       60       30       60       1
                bssCOMRAM                             1        1       2B        1       1
                cinit                             1474E    1474E       4A     8000       0
                nvCOMRAM                             5C       5C        3        1       1

TOTAL           Name                               Link     Load   Length     Space
        CLASS   STACK          
                stack                               3E2      3E2      A9E         2

        CLASS   CODE           
                intcode                               8        8       A6         0
                init                                 AE       AE        8         0
                reset_vec                             0        0        4         0
                text74                            14652    14652       58         0
                text73                            13494    13494       FE         0
                text72                            14A16    14A16        2         0
                text71                            14846    14846       34         0
                text70                            148A8    148A8       2E         0
                text68                            13B84    13B84       C4         0
                text67                            1384A    1384A       D8         0
                text66                            11C18    11C18      24C         0
                text65                            1173A    1173A      280         0
                text64                            119BA    119BA      25E         0
                text63                            13ABA    13ABA       CA         0
                text62                            1452C    1452C       64         0
                text61                            14590    14590       62         0
                text60                            146AA    146AA       56         0
                text59                            14364    14364       86         0
                text58                            12EB4    12EB4      142         0
                text57                            13D00    13D00       B6         0
                text56                            148D6    148D6       2C         0
                text55                            13C48    13C48       B8         0
                text54                            145F2    145F2       60         0
                text53                            14972    14972       1C         0
                text52                            14902    14902       28         0
                text51                            12914    12914      182         0
                text50                            13136    13136      13A         0
                text49                            12FF6    12FF6      140         0
                text48                            13592    13592       EE         0
                text47                            11E64    11E64      20E         0
                text46                            14242    14242       92         0
                text45                            1117E    1117E      334         0
                text44                            10E34    10E34      34A         0
                text43                            141AC    141AC       96         0
                text42                            1445E    1445E       6A         0
                text41                            14A12    14A12        4         0
                text40                            149FE    149FE        8         0
                text39                            1487A    1487A       2E         0
                text38                            149EE    149EE       10         0
                text37                            14950    14950       22         0
                text36                            147D4    147D4       3A         0
                text35                            149D8    149D8       16         0
                text34                            149C0    149C0       18         0
                text33                            149A8    149A8       18         0
                text32                            12D6A    12D6A      14A         0
                text31                            139EE    139EE       CC         0
                text30                            14114    14114       98         0
                text29                            12268    12268      1DE         0
                text28                            114B2    114B2      288         0
                text27                            13F18    13F18       AE         0
                text26                            13270    13270      11A         0
                text25                            10000    10000      74C         0
                text24                            13FC6    13FC6       AA         0
                text23                            13DB6    13DB6       B4         0
                text22                            13E6A    13E6A       AE         0
                text21                            1376A    1376A       E0         0
                text20                            125EE    125EE      19A         0
                text19                            12446    12446      1A8         0
                text18                            142D4    142D4       90         0
                text17                            14700    14700       4E         0
                text16                            12C16    12C16      154         0
                text15                            14070    14070       A4         0
                text14                            12788    12788      18C         0
                text13                            143EA    143EA       74         0
                text12                            1074C    1074C      6E8         0
                text11                            144C8    144C8       64         0
                text10                            1498E    1498E       1A         0
                text9                             14798    14798       3C         0
                text8                             1492A    1492A       26         0
                text7                             1480E    1480E       38         0
                text6                             14A0C    14A0C        6         0
                text5                             14A06    14A06        6         0
                text4                             13680    13680       EA         0
                text3                             12A96    12A96      180         0
                text2                             13922    13922       CC         0
                text1                             12072    12072      1F6         0
                text0                             1338A    1338A      10A         0
                cinit                             1474E    1474E       4A         0

        CLASS   CONST          

        CLASS   SMALLCONST     

        CLASS   MEDIUMCONST    
                mediumconst                        FF8C     FF8C       74         0

        CLASS   COMRAM         
                temp                                 2C       2C       20         1
                cstackCOMRAM                         4C       4C       10         1
                bssCOMRAM                             1        1       2B         1
                nvCOMRAM                             5C       5C        3         1

        CLASS   ABS1           

        CLASS   BIGRAM         
                bssBIGRAM                           2C8      2C8      11A         1

        CLASS   RAM            

        CLASS   BANK0          
                bssBANK0                             60       60       30         1

        CLASS   BANK1          
                bssBANK1                            100      100       C8         1

        CLASS   BANK2          
                bssBANK2                            200      200       C8         1

        CLASS   BANK3          

        CLASS   BANK4          

        CLASS   BANK5          

        CLASS   BANK6          

        CLASS   BANK7          

        CLASS   BANK8          

        CLASS   BANK9          

        CLASS   BANK10         

        CLASS   BANK11         

        CLASS   BANK12         

        CLASS   BANK13         

        CLASS   BANK14         

        CLASS   BANK15         

        CLASS   SFR            

        CLASS   BIGSFR         

        CLASS   CONFIG         
                config                            1FFF8    1FFF8        6         4

        CLASS   FARRAM         

        CLASS   HEAP           

        CLASS   IDLOC          



SEGMENTS        Name                           Load    Length   Top    Selector   Space  Class

                reset_vec                      000000  000004  000004         0       0  CODE    
                bssCOMRAM                      000001  00005E  00005F         1       1  COMRAM  
                intcode                        000008  0000AE  0000B6         4       0  CODE    
                bssBANK0                       000060  000030  000090        60       1  BANK0   
                bssBANK1                       000100  0000C8  0001C8       100       1  BANK1   
                bssBANK2                       000200  0000C8  0002C8       200       1  BANK2   
                bssBIGRAM                      0002C8  00011A  0003E2       2C8       1  BIGRAM  
                stack                          0003E2  000A9E  000E80       3E2       2  STACK   
                mediumconst                    00FF8C  000074  010000      7FC6       0  MEDIUMCO
                text25                         010000  004A18  014A18      8000       0  CODE    


UNUSED ADDRESS RANGES

        Name                Unused          Largest block    Delta
        BANK0            00090-000FF              70
        BANK1            001C8-001FF              38
        BANK10           00A00-00AFF             100
        BANK11           00B00-00BFF             100
        BANK12           00C00-00CFF             100
        BANK13           00D00-00DFF             100
        BANK14           00E00-00E7F              80
        BANK15           00F00-00F5F              60
        BANK3            003E2-003FF              1E
        BANK4            00400-004FF             100
        BANK5            00500-005FF             100
        BANK6            00600-006FF             100
        BANK7            00700-007FF             100
        BANK8            00800-008FF             100
        BANK9            00900-009FF             100
        BIGRAM           0005F-0005F               1
                         00090-000FF              70
                         001C8-001FF              38
                         003E2-00E7F             A9E
                         00F00-00F5F              60
        BIGSFR           00E80-00EFF              80
                         00F60-00FFF              A0
        CODE             00004-00007               4
                         000B6-0FF8B            FED6
                         14A18-1FFF7            B5E0
        COMRAM           0005F-0005F               1
        CONST            00004-00007               4
                         000B6-0FF8B            FED6
                         14A18-1FFF7            B5E0
        MEDIUMCONST      01000-0FF8B            EF8C
                         14A18-1FFF7            B5E0
        RAM              00090-000FF              70
                         001C8-001FF              38
                         003E2-00E7F             100
                         00F00-00F5F              60
        SFR              00E80-00EFF              80
                         00F60-00FFF              A0
        SMALLCONST       01000-0FF8B             100
                         14A18-1FFF7             100

                                  Symbol Table

TMR0_ISR@CountCallBack                                    bssCOMRAM     00020
_ADCON1bits                                               (abs)         00FC1
_CanInit                                                  text47        11E64
_CanReceive                                               text11        144C8
_CanSend                                                  text24        13FC6
_CanSetFilter                                             text42        1445E
_DRV_CANFDSPI_BitTimeConfigureNominal40MHz                text66        11C18
_DRV_CANFDSPI_Configure                                   text65        1173A
_DRV_CANFDSPI_ConfigureObjectReset                        text64        119BA
_DRV_CANFDSPI_DlcToDataBytes                              text29        12268
_DRV_CANFDSPI_FilterDisable                               text46        14242
_DRV_CANFDSPI_FilterMaskConfigure                         text45        1117E
_DRV_CANFDSPI_FilterObjectConfigure                       text44        10E34
_DRV_CANFDSPI_FilterToFifoLink                            text43        141AC
_DRV_CANFDSPI_ModuleEventEnable                           text62        1452C
_DRV_CANFDSPI_OperationModeSelect                         text59        14364
_DRV_CANFDSPI_ReadByte                                    text61        14590
_DRV_CANFDSPI_ReadByteArray                               text14        12788
_DRV_CANFDSPI_ReadWordArray                               text28        114B2
_DRV_CANFDSPI_ReceiveChannelConfigure                     text58        12EB4
_DRV_CANFDSPI_ReceiveChannelEventGet                      text15        14070
_DRV_CANFDSPI_ReceiveChannelUpdate                        text13        143EA
_DRV_CANFDSPI_ReceiveMessageGet                           text12        1074C
_DRV_CANFDSPI_Reset                                       text56        148D6
_DRV_CANFDSPI_TefConfigure                                text55        13C48
_DRV_CANFDSPI_TimeStampEnable                             text54        145F2
_DRV_CANFDSPI_TimeStampPrescalerSet                       text53        14972
_DRV_CANFDSPI_TimeStampSet                                text52        14902
_DRV_CANFDSPI_TransmitChannelConfigure                    text51        12914
_DRV_CANFDSPI_TransmitChannelConfigureObjectReset         text50        13136
_DRV_CANFDSPI_TransmitChannelEventGet                     text30        14114
_DRV_CANFDSPI_TransmitChannelLoad                         text25        10000
_DRV_CANFDSPI_TransmitChannelUpdate                       text27        13F18
_DRV_CANFDSPI_TransmitQueueConfigure                      text49        12FF6
_DRV_CANFDSPI_TransmitQueueConfigureObjectReset           text48        13592
_DRV_CANFDSPI_WriteByte                                   text60        146AA
_DRV_CANFDSPI_WriteByteArray                              text26        13270
_DRV_CANFDSPI_WriteHalfWord                               text63        13ABA
_DRV_CANFDSPI_WriteWord                                   text67        1384A
_ENTERCRITICAL                                            text34        149C0
_Event_getDelay                                           text8         1492A
_Event_init                                               text17        14700
_Event_setDelay                                           text7         1480E
_Event_setId                                              text10        1498E
_Event_setPE                                              text9         14798
_INTCONbits                                               (abs)         00FF2
_INTERRUPT_Initialize                                     text41        14A12
_INTERRUPT_InterruptManager                               intcode       00008
_LATA                                                     (abs)         00F89
_LATB                                                     (abs)         00F8A
_LATC                                                     (abs)         00F8B
_LATD                                                     (abs)         00F8C
_LATE                                                     (abs)         00F8D
_LATF                                                     (abs)         00F8E
_LATG                                                     (abs)         00F8F
_LATGbits                                                 (abs)         00F8F
_LATH                                                     (abs)         00F90
_LATJ                                                     (abs)         00F91
_LEAVECRITICAL                                            text33        149A8
_OSCCON                                                   (abs)         00FD3
_OSCILLATOR_Initialize                                    text40        149FE
_OSCTUNE                                                  (abs)         00F9B
_PIN_MANAGER_Initialize                                   text39        1487A
_RCONbits                                                 (abs)         00FD0
_SPI2_Initialize                                          text38        149EE
_SPI2_Open                                                text57        13D00
_SSP2ADD                                                  (abs)         00F65
_SSP2BUF                                                  (abs)         00F66
_SSP2CON1                                                 (abs)         00F63
_SSP2CON1bits                                             (abs)         00F63
_SSP2CON2                                                 (abs)         00F62
_SSP2STAT                                                 (abs)         00F64
_SSP2STATbits                                             (abs)         00F64
_SYSTEM_Initialize                                        text35        149D8
_SpiTransfer                                              text68        13B84
_T0CON                                                    (abs)         00FD5
_T0CONbits                                                (abs)         00FD5
_TMR0H                                                    (abs)         00FD7
_TMR0L                                                    (abs)         00FD6
_TMR0_CallBack                                            text71        14846
_TMR0_DefaultInterruptHandler                             text72        14A16
_TMR0_ISR                                                 text70        148A8
_TMR0_Initialize                                          text36        147D4
_TMR0_InterruptHandler                                    nvCOMRAM      0005C
_TMR0_SetInterruptHandler                                 text37        14950
_TRISA                                                    (abs)         00F92
_TRISB                                                    (abs)         00F93
_TRISC                                                    (abs)         00F94
_TRISD                                                    (abs)         00F95
_TRISDbits                                                (abs)         00F95
_TRISE                                                    (abs)         00F96
_TRISF                                                    (abs)         00F97
_TRISG                                                    (abs)         00F98
_TRISGbits                                                (abs)         00F98
_TRISH                                                    (abs)         00F99
_TRISJ                                                    (abs)         00F9A
_XF_decrementAndQueueTimers                               text73        13494
_XF_executeOnce                                           text18        142D4
_XF_init                                                  text16        12C16
_XF_noMoreEvent                                           text6         14A0C
_XF_noMoreTimer                                           text5         14A06
_XF_popEvent                                              text31        139EE
_XF_post                                                  text2         13922
_XF_pushEvent                                             text3         12A96
_XF_scheduleTimer                                         text4         13680
_XF_unscheduleTimer                                       text74        14652
__HRAM                                                    (abs)         00000
__H__absolute__                                           __absolute__  00000
__Habs1                                                   abs1          00000
__Hbank0                                                  bank0         00000
__Hbank1                                                  bank1         00000
__Hbank10                                                 bank10        00000
__Hbank11                                                 bank11        00000
__Hbank12                                                 bank12        00000
__Hbank13                                                 bank13        00000
__Hbank14                                                 bank14        00000
__Hbank15                                                 bank15        00000
__Hbank2                                                  bank2         00000
__Hbank3                                                  bank3         00000
__Hbank4                                                  bank4         00000
__Hbank5                                                  bank5         00000
__Hbank6                                                  bank6         00000
__Hbank7                                                  bank7         00000
__Hbank8                                                  bank8         00000
__Hbank9                                                  bank9         00000
__Hbigbss                                                 bigbss        00000
__Hbigdata                                                bigdata       00000
__Hbigram                                                 bigram        00000
__Hbigsfr                                                 bigsfr        00000
__Hbss                                                    bss           00000
__HbssBANK0                                               bssBANK0      00000
__HbssBANK1                                               bssBANK1      00000
__HbssBANK2                                               bssBANK2      00000
__HbssBIGRAM                                              bssBIGRAM     00000
__HbssCOMRAM                                              bssCOMRAM     00000
__Hcinit                                                  cinit         00000
__Hclrtext                                                clrtext       00000
__Hcomram                                                 comram        00000
__Hconfig                                                 config        1FFFE
__Hconst                                                  const         00000
__HcstackCOMRAM                                           cstackCOMRAM  00000
__Hdata                                                   data          00000
__Hfarbss                                                 farbss        00000
__Hfardata                                                fardata       00000
__Hheap                                                   heap          00000
__Hibigdata                                               ibigdata      00000
__Hidata                                                  idata         00000
__Hidloc                                                  idloc         00000
__Hifardata                                               ifardata      00000
__Hinit                                                   init          000B6
__Hintcode                                                intcode       000AE
__Hintcode_body                                           intcode_body  00000
__Hintcodelo                                              intcodelo     000AE
__Hintentry                                               intentry      00000
__Hintret                                                 intret        00000
__Hintsave_regs                                           intsave_regs  00000
__Hirdata                                                 irdata        00000
__Hjflash_buffer                                          jflash_buffer 1F800
__Hmediumconst                                            mediumconst   10000
__HnvCOMRAM                                               nvCOMRAM      00000
__HnvFARRAM                                               nvFARRAM      00000
__Hnvbit                                                  nvbit         00000
__Hnvrram                                                 nvrram        00000
__Hparam                                                  rparam        00000
__Hpowerup                                                powerup       000AE
__Hram                                                    ram           00000
__Hramtop                                                 ramtop        01000
__Hrbit                                                   rbit          00000
__Hrbss                                                   rbss          00000
__Hrdata                                                  rdata         00000
__Hreset_vec                                              reset_vec     00004
__Hrparam                                                 rparam        00000
__Hsfr                                                    sfr           00000
__Hsivt_hi                                                sivt_hi       00000
__Hsivt_lo                                                sivt_lo       00000
__Hsmallconst                                             smallconst    00000
__Hspace_0                                                (abs)         1F800
__Hspace_1                                                (abs)         003E2
__Hspace_2                                                (abs)         00E80
__Hspace_4                                                (abs)         3FFF6
__Hstack                                                  stack         00E80
__Hstruct                                                 struct        00000
__Htemp                                                   temp          0004C
__Htext                                                   text          00000
__Htext0                                                  text0         00000
__Htext1                                                  text1         00000
__Htext10                                                 text10        00000
__Htext11                                                 text11        00000
__Htext12                                                 text12        00000
__Htext13                                                 text13        00000
__Htext14                                                 text14        00000
__Htext15                                                 text15        00000
__Htext16                                                 text16        00000
__Htext17                                                 text17        00000
__Htext18                                                 text18        00000
__Htext19                                                 text19        00000
__Htext2                                                  text2         00000
__Htext20                                                 text20        00000
__Htext21                                                 text21        00000
__Htext22                                                 text22        00000
__Htext23                                                 text23        00000
__Htext24                                                 text24        00000
__Htext25                                                 text25        00000
__Htext26                                                 text26        00000
__Htext27                                                 text27        00000
__Htext28                                                 text28        00000
__Htext29                                                 text29        00000
__Htext3                                                  text3         00000
__Htext30                                                 text30        00000
__Htext31                                                 text31        00000
__Htext32                                                 text32        00000
__Htext33                                                 text33        00000
__Htext34                                                 text34        00000
__Htext35                                                 text35        00000
__Htext36                                                 text36        00000
__Htext37                                                 text37        00000
__Htext38                                                 text38        00000
__Htext39                                                 text39        00000
__Htext4                                                  text4         00000
__Htext40                                                 text40        00000
__Htext41                                                 text41        00000
__Htext42                                                 text42        00000
__Htext43                                                 text43        00000
__Htext44                                                 text44        00000
__Htext45                                                 text45        00000
__Htext46                                                 text46        00000
__Htext47                                                 text47        00000
__Htext48                                                 text48        00000
__Htext49                                                 text49        00000
__Htext5                                                  text5         00000
__Htext50                                                 text50        00000
__Htext51                                                 text51        00000
__Htext52                                                 text52        00000
__Htext53                                                 text53        00000
__Htext54                                                 text54        00000
__Htext55                                                 text55        00000
__Htext56                                                 text56        00000
__Htext57                                                 text57        00000
__Htext58                                                 text58        00000
__Htext59                                                 text59        00000
__Htext6                                                  text6         00000
__Htext60                                                 text60        00000
__Htext61                                                 text61        00000
__Htext62                                                 text62        00000
__Htext63                                                 text63        00000
__Htext64                                                 text64        00000
__Htext65                                                 text65        00000
__Htext66                                                 text66        00000
__Htext67                                                 text67        00000
__Htext68                                                 text68        00000
__Htext7                                                  text7         00000
__Htext70                                                 text70        00000
__Htext71                                                 text71        00000
__Htext72                                                 text72        00000
__Htext73                                                 text73        00000
__Htext74                                                 text74        00000
__Htext8                                                  text8         00000
__Htext9                                                  text9         00000
__LRAM                                                    (abs)         00001
__L__absolute__                                           __absolute__  00000
__Labs1                                                   abs1          00000
__Lbank0                                                  bank0         00000
__Lbank1                                                  bank1         00000
__Lbank10                                                 bank10        00000
__Lbank11                                                 bank11        00000
__Lbank12                                                 bank12        00000
__Lbank13                                                 bank13        00000
__Lbank14                                                 bank14        00000
__Lbank15                                                 bank15        00000
__Lbank2                                                  bank2         00000
__Lbank3                                                  bank3         00000
__Lbank4                                                  bank4         00000
__Lbank5                                                  bank5         00000
__Lbank6                                                  bank6         00000
__Lbank7                                                  bank7         00000
__Lbank8                                                  bank8         00000
__Lbank9                                                  bank9         00000
__Lbigbss                                                 bigbss        00000
__Lbigdata                                                bigdata       00000
__Lbigram                                                 bigram        00000
__Lbigsfr                                                 bigsfr        00000
__Lbss                                                    bss           00000
__LbssBANK0                                               bssBANK0      00000
__LbssBANK1                                               bssBANK1      00000
__LbssBANK2                                               bssBANK2      00000
__LbssBIGRAM                                              bssBIGRAM     00000
__LbssCOMRAM                                              bssCOMRAM     00000
__Lcinit                                                  cinit         00000
__Lclrtext                                                clrtext       00000
__Lcomram                                                 comram        00000
__Lconfig                                                 config        00000
__Lconst                                                  const         00000
__LcstackCOMRAM                                           cstackCOMRAM  00000
__Ldata                                                   data          00000
__Lfarbss                                                 farbss        00000
__Lfardata                                                fardata       00000
__Lheap                                                   heap          00000
__Libigdata                                               ibigdata      00000
__Lidata                                                  idata         00000
__Lidloc                                                  idloc         00000
__Lifardata                                               ifardata      00000
__Linit                                                   init          000AE
__Lintcode                                                intcode       00008
__Lintcode_body                                           intcode_body  00000
__Lintcodelo                                              intcodelo     000AE
__Lintentry                                               intentry      00000
__Lintret                                                 intret        00000
__Lintsave_regs                                           intsave_regs  00000
__Lirdata                                                 irdata        00000
__Ljflash_buffer                                          jflash_buffer 1F800
__Lmediumconst                                            mediumconst   0FF8C
__LnvCOMRAM                                               nvCOMRAM      00000
__LnvFARRAM                                               nvFARRAM      00000
__Lnvbit                                                  nvbit         00000
__Lnvrram                                                 nvrram        00000
__Lparam                                                  rparam        00000
__Lpowerup                                                powerup       000AE
__Lram                                                    ram           00000
__Lramtop                                                 ramtop        01000
__Lrbit                                                   rbit          00000
__Lrbss                                                   rbss          00000
__Lrdata                                                  rdata         00000
__Lreset_vec                                              reset_vec     00000
__Lrparam                                                 rparam        00000
__Lsfr                                                    sfr           00000
__Lsivt_hi                                                sivt_hi       00000
__Lsivt_lo                                                sivt_lo       00000
__Lsmallconst                                             smallconst    00000
__Lspace_0                                                (abs)         00000
__Lspace_1                                                (abs)         00000
__Lspace_2                                                (abs)         00000
__Lspace_4                                                (abs)         00000
__Lstack                                                  stack         003E2
__Lstruct                                                 struct        00000
__Ltemp                                                   temp          0002C
__Ltext                                                   text          00000
__Ltext0                                                  text0         00000
__Ltext1                                                  text1         00000
__Ltext10                                                 text10        00000
__Ltext11                                                 text11        00000
__Ltext12                                                 text12        00000
__Ltext13                                                 text13        00000
__Ltext14                                                 text14        00000
__Ltext15                                                 text15        00000
__Ltext16                                                 text16        00000
__Ltext17                                                 text17        00000
__Ltext18                                                 text18        00000
__Ltext19                                                 text19        00000
__Ltext2                                                  text2         00000
__Ltext20                                                 text20        00000
__Ltext21                                                 text21        00000
__Ltext22                                                 text22        00000
__Ltext23                                                 text23        00000
__Ltext24                                                 text24        00000
__Ltext25                                                 text25        00000
__Ltext26                                                 text26        00000
__Ltext27                                                 text27        00000
__Ltext28                                                 text28        00000
__Ltext29                                                 text29        00000
__Ltext3                                                  text3         00000
__Ltext30                                                 text30        00000
__Ltext31                                                 text31        00000
__Ltext32                                                 text32        00000
__Ltext33                                                 text33        00000
__Ltext34                                                 text34        00000
__Ltext35                                                 text35        00000
__Ltext36                                                 text36        00000
__Ltext37                                                 text37        00000
__Ltext38                                                 text38        00000
__Ltext39                                                 text39        00000
__Ltext4                                                  text4         00000
__Ltext40                                                 text40        00000
__Ltext41                                                 text41        00000
__Ltext42                                                 text42        00000
__Ltext43                                                 text43        00000
__Ltext44                                                 text44        00000
__Ltext45                                                 text45        00000
__Ltext46                                                 text46        00000
__Ltext47                                                 text47        00000
__Ltext48                                                 text48        00000
__Ltext49                                                 text49        00000
__Ltext5                                                  text5         00000
__Ltext50                                                 text50        00000
__Ltext51                                                 text51        00000
__Ltext52                                                 text52        00000
__Ltext53                                                 text53        00000
__Ltext54                                                 text54        00000
__Ltext55                                                 text55        00000
__Ltext56                                                 text56        00000
__Ltext57                                                 text57        00000
__Ltext58                                                 text58        00000
__Ltext59                                                 text59        00000
__Ltext6                                                  text6         00000
__Ltext60                                                 text60        00000
__Ltext61                                                 text61        00000
__Ltext62                                                 text62        00000
__Ltext63                                                 text63        00000
__Ltext64                                                 text64        00000
__Ltext65                                                 text65        00000
__Ltext66                                                 text66        00000
__Ltext67                                                 text67        00000
__Ltext68                                                 text68        00000
__Ltext7                                                  text7         00000
__Ltext70                                                 text70        00000
__Ltext71                                                 text71        00000
__Ltext72                                                 text72        00000
__Ltext73                                                 text73        00000
__Ltext74                                                 text74        00000
__Ltext8                                                  text8         00000
__Ltext9                                                  text9         00000
__S0                                                      (abs)         14A18
__S1                                                      (abs)         003E2
__S2                                                      (abs)         00E80
__S4                                                      (abs)         00000
___awmod                                                  text32        12D6A
___extmem_base                                            (abs)         20000
___heap_hi                                                (abs)         00000
___heap_lo                                                (abs)         00000
___inthi_sp                                               stack         00931
___inthi_stack_hi                                         stack         00E80
___inthi_stack_lo                                         stack         00931
___intlo_sp                                               stack         00E80
___param_bank                                             (abs)         00000
___rparam_used                                            (abs)         00001
___sp                                                     stack         003E2
___stack_hi                                               stack         00931
___stack_lo                                               stack         003E2
__accesstop                                               (abs)         00060
__activetblptr                                            (abs)         00003
__end_of_CanInit                                          text47        12072
__end_of_CanReceive                                       text11        1452C
__end_of_CanSend                                          text24        14070
__end_of_CanSetFilter                                     text42        144C8
__end_of_DRV_CANFDSPI_BitTimeConfigureNominal40MHz        text66        11E64
__end_of_DRV_CANFDSPI_Configure                           text65        119BA
__end_of_DRV_CANFDSPI_ConfigureObjectReset                text64        11C18
__end_of_DRV_CANFDSPI_DlcToDataBytes                      text29        12446
__end_of_DRV_CANFDSPI_FilterDisable                       text46        142D4
__end_of_DRV_CANFDSPI_FilterMaskConfigure                 text45        114B2
__end_of_DRV_CANFDSPI_FilterObjectConfigure               text44        1117E
__end_of_DRV_CANFDSPI_FilterToFifoLink                    text43        14242
__end_of_DRV_CANFDSPI_ModuleEventEnable                   text62        14590
__end_of_DRV_CANFDSPI_OperationModeSelect                 text59        143EA
__end_of_DRV_CANFDSPI_ReadByte                            text61        145F2
__end_of_DRV_CANFDSPI_ReadByteArray                       text14        12914
__end_of_DRV_CANFDSPI_ReadWordArray                       text28        1173A
__end_of_DRV_CANFDSPI_ReceiveChannelConfigure             text58        12FF6
__end_of_DRV_CANFDSPI_ReceiveChannelEventGet              text15        14114
__end_of_DRV_CANFDSPI_ReceiveChannelUpdate                text13        1445E
__end_of_DRV_CANFDSPI_ReceiveMessageGet                   text12        10E34
__end_of_DRV_CANFDSPI_Reset                               text56        14902
__end_of_DRV_CANFDSPI_TefConfigure                        text55        13D00
__end_of_DRV_CANFDSPI_TimeStampEnable                     text54        14652
__end_of_DRV_CANFDSPI_TimeStampPrescalerSet               text53        1498E
__end_of_DRV_CANFDSPI_TimeStampSet                        text52        1492A
__end_of_DRV_CANFDSPI_TransmitChannelConfigure            text51        12A96
__end_of_DRV_CANFDSPI_TransmitChannelConfigureObjectReset text50        13270
__end_of_DRV_CANFDSPI_TransmitChannelEventGet             text30        141AC
__end_of_DRV_CANFDSPI_TransmitChannelLoad                 text25        1074C
__end_of_DRV_CANFDSPI_TransmitChannelUpdate               text27        13FC6
__end_of_DRV_CANFDSPI_TransmitQueueConfigure              text49        13136
__end_of_DRV_CANFDSPI_TransmitQueueConfigureObjectReset   text48        13680
__end_of_DRV_CANFDSPI_WriteByte                           text60        14700
__end_of_DRV_CANFDSPI_WriteByteArray                      text26        1338A
__end_of_DRV_CANFDSPI_WriteHalfWord                       text63        13B84
__end_of_DRV_CANFDSPI_WriteWord                           text67        13922
__end_of_ENTERCRITICAL                                    text34        149D8
__end_of_Event_getDelay                                   text8         14950
__end_of_Event_init                                       text17        1474E
__end_of_Event_setDelay                                   text7         14846
__end_of_Event_setId                                      text10        149A8
__end_of_Event_setPE                                      text9         147D4
__end_of_INTERRUPT_Initialize                             text41        14A16
__end_of_INTERRUPT_InterruptManager                       intcode       000AE
__end_of_LEAVECRITICAL                                    text33        149C0
__end_of_OSCILLATOR_Initialize                            text40        14A06
__end_of_PIN_MANAGER_Initialize                           text39        148A8
__end_of_SPI2_Initialize                                  text38        149FE
__end_of_SPI2_Open                                        text57        13DB6
__end_of_SYSTEM_Initialize                                text35        149EE
__end_of_SpiTransfer                                      text68        13C48
__end_of_TMR0_CallBack                                    text71        1487A
__end_of_TMR0_DefaultInterruptHandler                     text72        14A18
__end_of_TMR0_ISR                                         text70        148D6
__end_of_TMR0_Initialize                                  text36        1480E
__end_of_TMR0_SetInterruptHandler                         text37        14972
__end_of_XF_decrementAndQueueTimers                       text73        13592
__end_of_XF_executeOnce                                   text18        14364
__end_of_XF_init                                          text16        12D6A
__end_of_XF_noMoreEvent                                   text6         14A12
__end_of_XF_noMoreTimer                                   text5         14A0C
__end_of_XF_popEvent                                      text31        13ABA
__end_of_XF_post                                          text2         139EE
__end_of_XF_pushEvent                                     text3         12C16
__end_of_XF_scheduleTimer                                 text4         1376A
__end_of_XF_unscheduleTimer                               text74        146AA
__end_of___awmod                                          text32        12EB4
__end_of__initialization                                  cinit         14792
__end_of_canControlResetValues                            mediumconst   0FFDD
__end_of_canFifoResetValues                               mediumconst   0FFE9
__end_of_lightContol_BackLight                            text23        13E6A
__end_of_lightContol_FrontLight                           text22        13F18
__end_of_lightControl_Process                             text19        125EE
__end_of_main                                             text0         13494
__end_of_motorControl                                     text21        1384A
__end_of_motorControl_Process                             text20        12788
__end_of_spi2_configuration                               mediumconst   0FFED
__end_of_updateCarState                                   text1         12268
__initialization                                          cinit         1474E
__mediumconst                                             mediumconst   0FF8C
__pbssBANK0                                               bssBANK0      00060
__pbssBANK1                                               bssBANK1      00100
__pbssBANK2                                               bssBANK2      00200
__pbssBIGRAM                                              bssBIGRAM     002C8
__pbssCOMRAM                                              bssCOMRAM     00001
__pcinit                                                  cinit         1474E
__pcstackCOMRAM                                           cstackCOMRAM  0004C
__pintcode                                                intcode       00008
__pmediumconst                                            mediumconst   0FF8C
__pnvCOMRAM                                               nvCOMRAM      0005C
__ptext0                                                  text0         1338A
__ptext1                                                  text1         12072
__ptext10                                                 text10        1498E
__ptext11                                                 text11        144C8
__ptext12                                                 text12        1074C
__ptext13                                                 text13        143EA
__ptext14                                                 text14        12788
__ptext15                                                 text15        14070
__ptext16                                                 text16        12C16
__ptext17                                                 text17        14700
__ptext18                                                 text18        142D4
__ptext19                                                 text19        12446
__ptext2                                                  text2         13922
__ptext20                                                 text20        125EE
__ptext21                                                 text21        1376A
__ptext22                                                 text22        13E6A
__ptext23                                                 text23        13DB6
__ptext24                                                 text24        13FC6
__ptext25                                                 text25        10000
__ptext26                                                 text26        13270
__ptext27                                                 text27        13F18
__ptext28                                                 text28        114B2
__ptext29                                                 text29        12268
__ptext3                                                  text3         12A96
__ptext30                                                 text30        14114
__ptext31                                                 text31        139EE
__ptext32                                                 text32        12D6A
__ptext33                                                 text33        149A8
__ptext34                                                 text34        149C0
__ptext35                                                 text35        149D8
__ptext36                                                 text36        147D4
__ptext37                                                 text37        14950
__ptext38                                                 text38        149EE
__ptext39                                                 text39        1487A
__ptext4                                                  text4         13680
__ptext40                                                 text40        149FE
__ptext41                                                 text41        14A12
__ptext42                                                 text42        1445E
__ptext43                                                 text43        141AC
__ptext44                                                 text44        10E34
__ptext45                                                 text45        1117E
__ptext46                                                 text46        14242
__ptext47                                                 text47        11E64
__ptext48                                                 text48        13592
__ptext49                                                 text49        12FF6
__ptext5                                                  text5         14A06
__ptext50                                                 text50        13136
__ptext51                                                 text51        12914
__ptext52                                                 text52        14902
__ptext53                                                 text53        14972
__ptext54                                                 text54        145F2
__ptext55                                                 text55        13C48
__ptext56                                                 text56        148D6
__ptext57                                                 text57        13D00
__ptext58                                                 text58        12EB4
__ptext59                                                 text59        14364
__ptext6                                                  text6         14A0C
__ptext60                                                 text60        146AA
__ptext61                                                 text61        14590
__ptext62                                                 text62        1452C
__ptext63                                                 text63        13ABA
__ptext64                                                 text64        119BA
__ptext65                                                 text65        1173A
__ptext66                                                 text66        11C18
__ptext67                                                 text67        1384A
__ptext68                                                 text68        13B84
__ptext7                                                  text7         1480E
__ptext70                                                 text70        148A8
__ptext71                                                 text71        14846
__ptext72                                                 text72        14A16
__ptext73                                                 text73        13494
__ptext74                                                 text74        14652
__ptext8                                                  text8         1492A
__ptext9                                                  text9         14798
__ramtop                                                  ramtop        01000
__smallconst                                              smallconst    00000
_canControlResetValues                                    mediumconst   0FF8D
_canFifoResetValues                                       mediumconst   0FFDD
_carState                                                 bssCOMRAM     00001
_dummy                                                    bssCOMRAM     0001C
_lightContol_BackLight                                    text23        13DB6
_lightContol_FrontLight                                   text22        13E6A
_lightControl_Process                                     text19        12446
_main                                                     text0         1338A
_motorControl                                             text21        1376A
_motorControl_Process                                     text20        125EE
_spi2_configuration                                       mediumconst   0FFE9
_spiReceiveBuffer                                         bssBANK2      00200
_spiTransmitBuffer                                        bssBANK1      00100
_theXF                                                    bssBIGRAM     002C8
_timer0ReloadVal                                          bssCOMRAM     00022
_updateCarState                                           text1         12072
btemp                                                     temp          0002C
end_of_initialization                                     cinit         14792
intlevel0                                                 text          00000
intlevel1                                                 text          00000
intlevel2                                                 text          00000
intlevel3                                                 text          00000
isa$std                                                   (abs)         00001
isa$xinst                                                 (abs)         00000
lightContol_BackLight@F6670                               bssBANK0      00060
lightContol_BackLight@lastLight                           bssCOMRAM     00028
lightContol_FrontLight@F6664                              bssBANK0      00070
lightContol_FrontLight@lastLight                          bssCOMRAM     00029
lightControl_Process@oldState                             bssCOMRAM     00024
lightControl_Process@state                                bssCOMRAM     00025
lltemp0                                                   temp          0002C
lltemp1                                                   temp          00034
lltemp2                                                   temp          0003C
lltemp3                                                   temp          00044
ltemp0                                                    temp          0002C
ltemp1                                                    temp          00030
ltemp2                                                    temp          00034
motorControl@F6658                                        bssBANK0      00080
motorControl@lastPercent                                  bssCOMRAM     0002B
motorControl@lastStarter                                  bssCOMRAM     0002A
motorControl_Process@oldState                             bssCOMRAM     00026
motorControl_Process@state                                bssCOMRAM     00027
stackhi                                                   (abs)         00E7F
stacklo                                                   (abs)         003E2
start                                                     init          000AE
start_initialization                                      cinit         1474E
ttemp0                                                    temp          0002C
ttemp1                                                    temp          0002F
ttemp2                                                    temp          00032
ttemp3                                                    temp          00035
ttemp5                                                    temp          0002D
ttemp6                                                    temp          00030
ttemp7                                                    temp          00034
wtemp0                                                    temp          0002C
wtemp1                                                    temp          0002E
wtemp2                                                    temp          00030
wtemp3                                                    temp          00032
wtemp4                                                    temp          00034
wtemp5                                                    temp          00036
wtemp8                                                    temp          0002D


MODULE INFORMATION

Module		Function		Class		Link	Load	Size
xf/event.c
		_Event_init    		CODE           	14700	0000	78
		_Event_setDelay		CODE           	1480E	0000	56
		_Event_setPE   		CODE           	14798	0000	60
		_Event_setId   		CODE           	1498E	0000	26
		_Event_getDelay		CODE           	1492A	0000	38

xf/event.c estimated size: 258

mcc_generated_files/interrupt_manager.c
		_INTERRUPT_Initialize		CODE           	14A12	0000	4
		_INTERRUPT_InterruptManager		CODE           	0008	0000	166

mcc_generated_files/interrupt_manager.c estimated size: 170

mcc_generated_files/tmr0.c
		_TMR0_SetInterruptHandler		CODE           	14950	0000	34
		_TMR0_DefaultInterruptHandler		CODE           	14A16	0000	2
		_TMR0_CallBack 		CODE           	14846	0000	52
		_TMR0_ISR      		CODE           	148A8	0000	46
		_TMR0_Initialize		CODE           	147D4	0000	58

mcc_generated_files/tmr0.c estimated size: 192

mcc_generated_files/pin_manager.c
		_PIN_MANAGER_Initialize		CODE           	1487A	0000	46

mcc_generated_files/pin_manager.c estimated size: 46

C:\Program Files\Microchip\xc8\v2.50\pic\sources\c99\common\awmod.c
		___awmod       		CODE           	12D6A	0000	330

C:\Program Files\Microchip\xc8\v2.50\pic\sources\c99\common\awmod.c estimated size: 330

can/can.c
		_DRV_CANFDSPI_TransmitChannelLoad		CODE           	10000	0000	1868
		_DRV_CANFDSPI_ReadByte		CODE           	14590	0000	98
		_DRV_CANFDSPI_TimeStampEnable		CODE           	145F2	0000	96
		_DRV_CANFDSPI_FilterToFifoLink		CODE           	141AC	0000	150
		_DRV_CANFDSPI_TransmitChannelEventGet		CODE           	14114	0000	152
		_DRV_CANFDSPI_WriteByteArray		CODE           	13270	0000	282
		_DRV_CANFDSPI_TimeStampPrescalerSet		CODE           	14972	0000	28
		_CanSetFilter  		CODE           	1445E	0000	106
		_DRV_CANFDSPI_ReceiveChannelEventGet		CODE           	14070	0000	164
		_DRV_CANFDSPI_Configure		CODE           	1173A	0000	640
		_DRV_CANFDSPI_DlcToDataBytes		CODE           	12268	0000	478
		_DRV_CANFDSPI_ReceiveChannelUpdate		CODE           	143EA	0000	116
		_DRV_CANFDSPI_TransmitChannelConfigureObjectReset		CODE           	13136	0000	314
		_DRV_CANFDSPI_WriteByte		CODE           	146AA	0000	86
		_DRV_CANFDSPI_OperationModeSelect		CODE           	14364	0000	134
		_DRV_CANFDSPI_TransmitChannelUpdate		CODE           	13F18	0000	174
		_DRV_CANFDSPI_WriteHalfWord		CODE           	13ABA	0000	202
		_DRV_CANFDSPI_ReceiveChannelConfigure		CODE           	12EB4	0000	322
		_DRV_CANFDSPI_ReceiveMessageGet		CODE           	1074C	0000	1768
		_DRV_CANFDSPI_ReadWordArray		CODE           	114B2	0000	648
		_DRV_CANFDSPI_BitTimeConfigureNominal40MHz		CODE           	11C18	0000	588
		_DRV_CANFDSPI_FilterObjectConfigure		CODE           	10E34	0000	842
		_DRV_CANFDSPI_FilterDisable		CODE           	14242	0000	146
		_CanReceive    		CODE           	144C8	0000	100
		_DRV_CANFDSPI_TransmitChannelConfigure		CODE           	12914	0000	386
		_DRV_CANFDSPI_TefConfigure		CODE           	13C48	0000	184
		_DRV_CANFDSPI_TimeStampSet		CODE           	14902	0000	40
		_DRV_CANFDSPI_Reset		CODE           	148D6	0000	44
		_CanInit       		CODE           	11E64	0000	526
		_CanSend       		CODE           	13FC6	0000	170
		_DRV_CANFDSPI_TransmitQueueConfigureObjectReset		CODE           	13592	0000	238
		_DRV_CANFDSPI_WriteWord		CODE           	1384A	0000	216
		_SpiTransfer   		CODE           	13B84	0000	196
		_DRV_CANFDSPI_ReadByteArray		CODE           	12788	0000	396
		_DRV_CANFDSPI_TransmitQueueConfigure		CODE           	12FF6	0000	320
		_DRV_CANFDSPI_ModuleEventEnable		CODE           	1452C	0000	100
		_DRV_CANFDSPI_ConfigureObjectReset		CODE           	119BA	0000	606
		_DRV_CANFDSPI_FilterMaskConfigure		CODE           	1117E	0000	820

can/can.c estimated size: 13744

shared
		_canFifoResetValues		MEDIUMCONST    	FFDD	0000	12
		_canControlResetValues		MEDIUMCONST    	FF8D	0000	80
		__initialization		CODE           	1474E	0000	68
		_spi2_configuration		MEDIUMCONST    	FFE9	0000	4

shared estimated size: 164

mcc_generated_files/mcc.c
		_OSCILLATOR_Initialize		CODE           	149FE	0000	8
		_SYSTEM_Initialize		CODE           	149D8	0000	22

mcc_generated_files/mcc.c estimated size: 30

xf/xf.c
		_XF_executeOnce		CODE           	142D4	0000	144
		_XF_noMoreTimer		CODE           	14A06	0000	6
		_XF_noMoreEvent		CODE           	14A0C	0000	6
		_XF_popEvent   		CODE           	139EE	0000	204
		_XF_init       		CODE           	12C16	0000	340
		_XF_pushEvent  		CODE           	12A96	0000	384
		_XF_post       		CODE           	13922	0000	204
		_ENTERCRITICAL 		CODE           	149C0	0000	24
		_XF_decrementAndQueueTimers		CODE           	13494	0000	254
		_XF_unscheduleTimer		CODE           	14652	0000	88
		_XF_scheduleTimer		CODE           	13680	0000	234
		_LEAVECRITICAL 		CODE           	149A8	0000	24

xf/xf.c estimated size: 1912

mcc_generated_files/spi2.c
		_SPI2_Open     		CODE           	13D00	0000	182
		_SPI2_Initialize		CODE           	149EE	0000	16

mcc_generated_files/spi2.c estimated size: 198

main.c
		_main          		CODE           	1338A	0000	266

main.c estimated size: 266

carFunctions.c
		_motorControl  		CODE           	1376A	0000	224
		_motorControl_Process		CODE           	125EE	0000	410
		_lightContol_FrontLight		CODE           	13E6A	0000	174
		_lightControl_Process		CODE           	12446	0000	424
		_updateCarState		CODE           	12072	0000	502
		_lightContol_BackLight		CODE           	13DB6	0000	180

carFunctions.c estimated size: 1914

