Microchip MPLAB XC8 Compiler V2.45

Linker command line:

-W3 \
  --edf=C:\Program Files\Microchip\xc8\v2.45\pic\dat\20230818022343_en.msgs \
  -cn -h+dist/default/debug\can_car_with_xf_students.X.debug.sym \
  --cmf=dist/default/debug\can_car_with_xf_students.X.debug.cmf -z \
  -Q18F97J60 \
  -oC:\Users\PASCAL~1.SAR\AppData\Local\Temp\xcAs5eo.\driver_tmp_3.o \
  --defsym=__MPLAB_BUILD=1 --fixupoverflow=error \
  -Mdist/default/debug/can_car_with_xf_students.X.debug.map \
  --md=C:\Users\PASCAL~1.SAR\AppData\Local\Temp\xcAs5eo.\driver_tmp_0.dat \
  -E1 -ver=XC8 Compiler --acfsm=1493 -ASTACK=03DEh-0E7Fh -pstack=STACK \
  -ACODE=00h-01FFF7h -ACONST=00h-01FFF7h \
  -ASMALLCONST=01000h-010FFhx495,01FF00h-01FFF7h \
  -AMEDIUMCONST=01000h-0FFFFh,011000h-01FFF7h -ACOMRAM=01h-05Fh \
  -AABS1=00h-0E7Fh,0F00h-0F5Fh -ABIGRAM=01h-0E7Fh,0F00h-0F5Fh \
  -ARAM=060h-0FFh,0100h-01FFhx13,0E00h-0E7Fh,0F00h-0F5Fh -ABANK0=060h-0FFh \
  -ABANK1=0100h-01FFh -ABANK2=0200h-02FFh -ABANK3=0300h-03FFh \
  -ABANK4=0400h-04FFh -ABANK5=0500h-05FFh -ABANK6=0600h-06FFh \
  -ABANK7=0700h-07FFh -ABANK8=0800h-08FFh -ABANK9=0900h-09FFh \
  -ABANK10=0A00h-0AFFh -ABANK11=0B00h-0BFFh -ABANK12=0C00h-0CFFh \
  -ABANK13=0D00h-0DFFh -ABANK14=0E00h-0E7Fh -ABANK15=0F00h-0F5Fh \
  -ASFR=0E80h-0EFFh,0F60h-0FFFh -ABIGSFR=0E80h-0EFFh,0F60h-0FFFh \
  -ACONFIG=01FFF8h-01FFFDh \
  -preset_vec=00h,intcode=08h,intcodelo,powerup,init -pramtop=01000h \
  -psmallconst=SMALLCONST -pmediumconst=MEDIUMCONST -pconst=CONST \
  -AFARRAM=00h-00h -pjflash_buffer=01F800h \
  -prdata=COMRAM,nvrram=COMRAM,nvbit=COMRAM,rbss=COMRAM,rbit=COMRAM \
  -pfarbss=FARRAM,fardata=FARRAM,nvFARRAM=FARRAM \
  -pintsave_regs=BIGRAM,bigbss=BIGRAM,bigdata=BIGRAM -pbss=RAM \
  -pidata=CODE,irdata=CODE,ibigdata=CODE,ifardata=CODE -prparam=COMRAM \
  C:\Users\PASCAL~1.SAR\AppData\Local\Temp\xcAs5eo.\driver_tmp_9.o \
  dist/default/debug\can_car_with_xf_students.X.debug.o 

Object code version is 3.11

Machine type is 18F97J60



                Name                               Link     Load   Length Selector   Space Scale
C:\Users\PASCAL~1.SAR\AppData\Local\Temp\xcAs5eo.\driver_tmp_9.o
                stack                               3DE      3DE      AA2      3DE       2
                config                            1FFF8    1FFF8        6        0       4
                init                                 AE       AE        8        4       0
                reset_vec                             0        0        4        0       0
dist/default/debug\can_car_with_xf_students.X.debug.o
                intcode                               8        8       A6        4       0
                config                            1FFF8    1FFF8        6        0       4
                temp                                 26       26       20        1       1
                mediumconst                        FFEC     FFEC       14     7FF6       0
                text31                            10954    10954       4E     8000       0
                text30                            1052A    1052A       FE     8000       0
                text29                            10C34    10C34        2     8000       0
                text28                            10AD6    10AD6       34     8000       0
                text27                            10B38    10B38       2E     8000       0
                text25                            10C2E    10C2E        4     8000       0
                text24                            10C1E    10C1E        8     8000       0
                text23                            10B0A    10B0A       2E     8000       0
                text22                            10C0E    10C0E       10     8000       0
                text21                            10B8C    10B8C       22     8000       0
                text20                            10A64    10A64       3A     8000       0
                text19                            10BF8    10BF8       16     8000       0
                text18                            10BE0    10BE0       18     8000       0
                text17                            10BC8    10BC8       18     8000       0
                text16                            10150    10150      14A     8000       0
                text15                            106F4    106F4       C8     8000       0
                text14                            10C2A    10C2A        4     8000       0
                text13                            10C26    10C26        4     8000       0
                text12                            103E2    103E2      148     8000       0
                text11                            10876    10876       90     8000       0
                text10                            10906    10906       4E     8000       0
                text9                             1029A    1029A      148     8000       0
                text8                             10BAE    10BAE       1A     8000       0
                text7                             10A28    10A28       3C     8000       0
                text6                             10B66    10B66       26     8000       0
                text5                             10A9E    10A9E       38     8000       0
                text4                             107BC    107BC       BA     8000       0
                text3                             10000    10000      150     8000       0
                text2                             10628    10628       CC     8000       0
                text1                             10C32    10C32        2     8000       0
                text0                             109A2    109A2       48     8000       0
                cstackCOMRAM                         46       46       10        1       1
                bssBIGRAM                           2C8      2C8      116      2C8       1
                bssBANK2                            200      200       C8      200       1
                bssBANK1                            100      100       C8      100       1
                bssCOMRAM                             1        1       25        1       1
                cinit                             109EA    109EA       3E     8000       0
                nvCOMRAM                             56       56        3        1       1

TOTAL           Name                               Link     Load   Length     Space
        CLASS   STACK          
                stack                               3DE      3DE      AA2         2

        CLASS   CODE           
                intcode                               8        8       A6         0
                init                                 AE       AE        8         0
                reset_vec                             0        0        4         0
                text31                            10954    10954       4E         0
                text30                            1052A    1052A       FE         0
                text29                            10C34    10C34        2         0
                text28                            10AD6    10AD6       34         0
                text27                            10B38    10B38       2E         0
                text25                            10C2E    10C2E        4         0
                text24                            10C1E    10C1E        8         0
                text23                            10B0A    10B0A       2E         0
                text22                            10C0E    10C0E       10         0
                text21                            10B8C    10B8C       22         0
                text20                            10A64    10A64       3A         0
                text19                            10BF8    10BF8       16         0
                text18                            10BE0    10BE0       18         0
                text17                            10BC8    10BC8       18         0
                text16                            10150    10150      14A         0
                text15                            106F4    106F4       C8         0
                text14                            10C2A    10C2A        4         0
                text13                            10C26    10C26        4         0
                text12                            103E2    103E2      148         0
                text11                            10876    10876       90         0
                text10                            10906    10906       4E         0
                text9                             1029A    1029A      148         0
                text8                             10BAE    10BAE       1A         0
                text7                             10A28    10A28       3C         0
                text6                             10B66    10B66       26         0
                text5                             10A9E    10A9E       38         0
                text4                             107BC    107BC       BA         0
                text3                             10000    10000      150         0
                text2                             10628    10628       CC         0
                text1                             10C32    10C32        2         0
                text0                             109A2    109A2       48         0
                cinit                             109EA    109EA       3E         0

        CLASS   CONST          

        CLASS   SMALLCONST     

        CLASS   MEDIUMCONST    
                mediumconst                        FFEC     FFEC       14         0

        CLASS   COMRAM         
                temp                                 26       26       20         1
                cstackCOMRAM                         46       46       10         1
                bssCOMRAM                             1        1       25         1
                nvCOMRAM                             56       56        3         1

        CLASS   ABS1           

        CLASS   BIGRAM         
                bssBIGRAM                           2C8      2C8      116         1

        CLASS   RAM            

        CLASS   BANK0          

        CLASS   BANK1          
                bssBANK1                            100      100       C8         1

        CLASS   BANK2          
                bssBANK2                            200      200       C8         1

        CLASS   BANK3          

        CLASS   BANK4          

        CLASS   BANK5          

        CLASS   BANK6          

        CLASS   BANK7          

        CLASS   BANK8          

        CLASS   BANK9          

        CLASS   BANK10         

        CLASS   BANK11         

        CLASS   BANK12         

        CLASS   BANK13         

        CLASS   BANK14         

        CLASS   BANK15         

        CLASS   SFR            

        CLASS   BIGSFR         

        CLASS   CONFIG         
                config                            1FFF8    1FFF8        6         4

        CLASS   FARRAM         

        CLASS   HEAP           

        CLASS   IDLOC          



SEGMENTS        Name                           Load    Length   Top    Selector   Space  Class

                reset_vec                      000000  000004  000004         0       0  CODE    
                bssCOMRAM                      000001  000058  000059         1       1  COMRAM  
                intcode                        000008  0000AE  0000B6         4       0  CODE    
                bssBANK1                       000100  0000C8  0001C8       100       1  BANK1   
                bssBANK2                       000200  0000C8  0002C8       200       1  BANK2   
                bssBIGRAM                      0002C8  000116  0003DE       2C8       1  BIGRAM  
                stack                          0003DE  000AA2  000E80       3DE       2  STACK   
                mediumconst                    00FFEC  000014  010000      7FF6       0  MEDIUMCO
                text3                          010000  000C36  010C36      8000       0  CODE    


UNUSED ADDRESS RANGES

        Name                Unused          Largest block    Delta
        BANK0            00060-000FF              A0
        BANK1            001C8-001FF              38
        BANK10           00A00-00AFF             100
        BANK11           00B00-00BFF             100
        BANK12           00C00-00CFF             100
        BANK13           00D00-00DFF             100
        BANK14           00E00-00E7F              80
        BANK15           00F00-00F5F              60
        BANK3            003DE-003FF              22
        BANK4            00400-004FF             100
        BANK5            00500-005FF             100
        BANK6            00600-006FF             100
        BANK7            00700-007FF             100
        BANK8            00800-008FF             100
        BANK9            00900-009FF             100
        BIGRAM           00059-000FF              A7
                         001C8-001FF              38
                         003DE-00E7F             AA2
                         00F00-00F5F              60
        BIGSFR           00E80-00EFF              80
                         00F60-00FFF              A0
        CODE             00004-00007               4
                         000B6-0FFEB            FF36
                         10C36-1FFF7            F3C2
        COMRAM           00059-0005F               7
        CONST            00004-00007               4
                         000B6-0FFEB            FF36
                         10C36-1FFF7            F3C2
        MEDIUMCONST      01000-0FFEB            EFEC
                         11000-1FFF7            EFF8
        RAM              00060-000FF              A0
                         001C8-001FF              38
                         003DE-00E7F             100
                         00F00-00F5F              60
        SFR              00E80-00EFF              80
                         00F60-00FFF              A0
        SMALLCONST       01000-0FFEB             100
                         10C36-1FFF7             100

                                  Symbol Table

TMR0_ISR@CountCallBack                bssCOMRAM     00020
_ADCON1bits                           (abs)         00FC1
_ENTERCRITICAL                        text18        10BE0
_Event_getDelay                       text6         10B66
_Event_init                           text10        10906
_Event_setDelay                       text5         10A9E
_Event_setId                          text8         10BAE
_Event_setPE                          text7         10A28
_INTCONbits                           (abs)         00FF2
_INTERRUPT_Initialize                 text25        10C2E
_INTERRUPT_InterruptManager           intcode       00008
_LATA                                 (abs)         00F89
_LATB                                 (abs)         00F8A
_LATC                                 (abs)         00F8B
_LATD                                 (abs)         00F8C
_LATDbits                             (abs)         00F8C
_LATE                                 (abs)         00F8D
_LATF                                 (abs)         00F8E
_LATG                                 (abs)         00F8F
_LATGbits                             (abs)         00F8F
_LATH                                 (abs)         00F90
_LATJ                                 (abs)         00F91
_LEAVECRITICAL                        text17        10BC8
_OSCCON                               (abs)         00FD3
_OSCILLATOR_Initialize                text24        10C1E
_OSCTUNE                              (abs)         00F9B
_PIN_MANAGER_Initialize               text23        10B0A
_PIR3bits                             (abs)         00FA4
_PORTJ                                (abs)         00F88
_RCONbits                             (abs)         00FD0
_SPI2_Initialize                      text22        10C0E
_SSP2ADD                              (abs)         00F65
_SSP2BUF                              (abs)         00F66
_SSP2CON1                             (abs)         00F63
_SSP2CON1bits                         (abs)         00F63
_SSP2CON2                             (abs)         00F62
_SSP2STAT                             (abs)         00F64
_SSP2STATbits                         (abs)         00F64
_SYSTEM_Initialize                    text19        10BF8
_T0CON                                (abs)         00FD5
_T0CONbits                            (abs)         00FD5
_TMR0H                                (abs)         00FD7
_TMR0L                                (abs)         00FD6
_TMR0_CallBack                        text28        10AD6
_TMR0_DefaultInterruptHandler         text29        10C34
_TMR0_ISR                             text27        10B38
_TMR0_Initialize                      text20        10A64
_TMR0_InterruptHandler                nvCOMRAM      00056
_TMR0_SetInterruptHandler             text21        10B8C
_TRISA                                (abs)         00F92
_TRISB                                (abs)         00F93
_TRISC                                (abs)         00F94
_TRISD                                (abs)         00F95
_TRISDbits                            (abs)         00F95
_TRISE                                (abs)         00F96
_TRISF                                (abs)         00F97
_TRISG                                (abs)         00F98
_TRISGbits                            (abs)         00F98
_TRISH                                (abs)         00F99
_TRISJ                                (abs)         00F9A
_XF_decrementAndQueueTimers           text30        1052A
_XF_executeOnce                       text11        10876
_XF_init                              text9         1029A
_XF_popEvent                          text15        106F4
_XF_post                              text2         10628
_XF_pushEvent                         text3         10000
_XF_scheduleTimer                     text4         107BC
_XF_unscheduleTimer                   text31        10954
__HRAM                                (abs)         00000
__H__absolute__                       __absolute__  00000
__Habs1                               abs1          00000
__Hbank0                              bank0         00000
__Hbank1                              bank1         00000
__Hbank10                             bank10        00000
__Hbank11                             bank11        00000
__Hbank12                             bank12        00000
__Hbank13                             bank13        00000
__Hbank14                             bank14        00000
__Hbank15                             bank15        00000
__Hbank2                              bank2         00000
__Hbank3                              bank3         00000
__Hbank4                              bank4         00000
__Hbank5                              bank5         00000
__Hbank6                              bank6         00000
__Hbank7                              bank7         00000
__Hbank8                              bank8         00000
__Hbank9                              bank9         00000
__Hbigbss                             bigbss        00000
__Hbigdata                            bigdata       00000
__Hbigram                             bigram        00000
__Hbigsfr                             bigsfr        00000
__Hbss                                bss           00000
__HbssBANK1                           bssBANK1      00000
__HbssBANK2                           bssBANK2      00000
__HbssBIGRAM                          bssBIGRAM     00000
__HbssCOMRAM                          bssCOMRAM     00000
__Hcinit                              cinit         00000
__Hclrtext                            clrtext       00000
__Hcomram                             comram        00000
__Hconfig                             config        1FFFE
__Hconst                              const         00000
__HcstackCOMRAM                       cstackCOMRAM  00000
__Hdata                               data          00000
__Hfarbss                             farbss        00000
__Hfardata                            fardata       00000
__Hheap                               heap          00000
__Hibigdata                           ibigdata      00000
__Hidata                              idata         00000
__Hidloc                              idloc         00000
__Hifardata                           ifardata      00000
__Hinit                               init          000B6
__Hintcode                            intcode       000AE
__Hintcode_body                       intcode_body  00000
__Hintcodelo                          intcodelo     000AE
__Hintentry                           intentry      00000
__Hintret                             intret        00000
__Hintsave_regs                       intsave_regs  00000
__Hirdata                             irdata        00000
__Hjflash_buffer                      jflash_buffer 1F800
__Hmediumconst                        mediumconst   10000
__HnvCOMRAM                           nvCOMRAM      00000
__HnvFARRAM                           nvFARRAM      00000
__Hnvbit                              nvbit         00000
__Hnvrram                             nvrram        00000
__Hparam                              rparam        00000
__Hpowerup                            powerup       000AE
__Hram                                ram           00000
__Hramtop                             ramtop        01000
__Hrbit                               rbit          00000
__Hrbss                               rbss          00000
__Hrdata                              rdata         00000
__Hreset_vec                          reset_vec     00004
__Hrparam                             rparam        00000
__Hsfr                                sfr           00000
__Hsmallconst                         smallconst    00000
__Hspace_0                            (abs)         1F800
__Hspace_1                            (abs)         003DE
__Hspace_2                            (abs)         00E80
__Hspace_4                            (abs)         3FFF6
__Hstack                              stack         00E80
__Hstruct                             struct        00000
__Htemp                               temp          00046
__Htext                               text          00000
__Htext0                              text0         00000
__Htext1                              text1         00000
__Htext10                             text10        00000
__Htext11                             text11        00000
__Htext12                             text12        00000
__Htext13                             text13        00000
__Htext14                             text14        00000
__Htext15                             text15        00000
__Htext16                             text16        00000
__Htext17                             text17        00000
__Htext18                             text18        00000
__Htext19                             text19        00000
__Htext2                              text2         00000
__Htext20                             text20        00000
__Htext21                             text21        00000
__Htext22                             text22        00000
__Htext23                             text23        00000
__Htext24                             text24        00000
__Htext25                             text25        00000
__Htext27                             text27        00000
__Htext28                             text28        00000
__Htext29                             text29        00000
__Htext3                              text3         00000
__Htext30                             text30        00000
__Htext31                             text31        00000
__Htext32                             text32        00000
__Htext4                              text4         00000
__Htext5                              text5         00000
__Htext6                              text6         00000
__Htext7                              text7         00000
__Htext8                              text8         00000
__Htext9                              text9         00000
__LRAM                                (abs)         00001
__L__absolute__                       __absolute__  00000
__Labs1                               abs1          00000
__Lbank0                              bank0         00000
__Lbank1                              bank1         00000
__Lbank10                             bank10        00000
__Lbank11                             bank11        00000
__Lbank12                             bank12        00000
__Lbank13                             bank13        00000
__Lbank14                             bank14        00000
__Lbank15                             bank15        00000
__Lbank2                              bank2         00000
__Lbank3                              bank3         00000
__Lbank4                              bank4         00000
__Lbank5                              bank5         00000
__Lbank6                              bank6         00000
__Lbank7                              bank7         00000
__Lbank8                              bank8         00000
__Lbank9                              bank9         00000
__Lbigbss                             bigbss        00000
__Lbigdata                            bigdata       00000
__Lbigram                             bigram        00000
__Lbigsfr                             bigsfr        00000
__Lbss                                bss           00000
__LbssBANK1                           bssBANK1      00000
__LbssBANK2                           bssBANK2      00000
__LbssBIGRAM                          bssBIGRAM     00000
__LbssCOMRAM                          bssCOMRAM     00000
__Lcinit                              cinit         00000
__Lclrtext                            clrtext       00000
__Lcomram                             comram        00000
__Lconfig                             config        00000
__Lconst                              const         00000
__LcstackCOMRAM                       cstackCOMRAM  00000
__Ldata                               data          00000
__Lfarbss                             farbss        00000
__Lfardata                            fardata       00000
__Lheap                               heap          00000
__Libigdata                           ibigdata      00000
__Lidata                              idata         00000
__Lidloc                              idloc         00000
__Lifardata                           ifardata      00000
__Linit                               init          000AE
__Lintcode                            intcode       00008
__Lintcode_body                       intcode_body  00000
__Lintcodelo                          intcodelo     000AE
__Lintentry                           intentry      00000
__Lintret                             intret        00000
__Lintsave_regs                       intsave_regs  00000
__Lirdata                             irdata        00000
__Ljflash_buffer                      jflash_buffer 1F800
__Lmediumconst                        mediumconst   0FFEC
__LnvCOMRAM                           nvCOMRAM      00000
__LnvFARRAM                           nvFARRAM      00000
__Lnvbit                              nvbit         00000
__Lnvrram                             nvrram        00000
__Lparam                              rparam        00000
__Lpowerup                            powerup       000AE
__Lram                                ram           00000
__Lramtop                             ramtop        01000
__Lrbit                               rbit          00000
__Lrbss                               rbss          00000
__Lrdata                              rdata         00000
__Lreset_vec                          reset_vec     00000
__Lrparam                             rparam        00000
__Lsfr                                sfr           00000
__Lsmallconst                         smallconst    00000
__Lspace_0                            (abs)         00000
__Lspace_1                            (abs)         00000
__Lspace_2                            (abs)         00000
__Lspace_4                            (abs)         00000
__Lstack                              stack         003DE
__Lstruct                             struct        00000
__Ltemp                               temp          00026
__Ltext                               text          00000
__Ltext0                              text0         00000
__Ltext1                              text1         00000
__Ltext10                             text10        00000
__Ltext11                             text11        00000
__Ltext12                             text12        00000
__Ltext13                             text13        00000
__Ltext14                             text14        00000
__Ltext15                             text15        00000
__Ltext16                             text16        00000
__Ltext17                             text17        00000
__Ltext18                             text18        00000
__Ltext19                             text19        00000
__Ltext2                              text2         00000
__Ltext20                             text20        00000
__Ltext21                             text21        00000
__Ltext22                             text22        00000
__Ltext23                             text23        00000
__Ltext24                             text24        00000
__Ltext25                             text25        00000
__Ltext27                             text27        00000
__Ltext28                             text28        00000
__Ltext29                             text29        00000
__Ltext3                              text3         00000
__Ltext30                             text30        00000
__Ltext31                             text31        00000
__Ltext32                             text32        00000
__Ltext4                              text4         00000
__Ltext5                              text5         00000
__Ltext6                              text6         00000
__Ltext7                              text7         00000
__Ltext8                              text8         00000
__Ltext9                              text9         00000
__S0                                  (abs)         10C36
__S1                                  (abs)         003DE
__S2                                  (abs)         00E80
__S4                                  (abs)         00000
___awmod                              text16        10150
___extmem_base                        (abs)         20000
___heap_hi                            (abs)         00000
___heap_lo                            (abs)         00000
___inthi_sp                           stack         0092F
___inthi_stack_hi                     stack         00E80
___inthi_stack_lo                     stack         0092F
___intlo_sp                           stack         00E80
___param_bank                         (abs)         00000
___rparam_used                        (abs)         00001
___sp                                 stack         003DE
___stack_hi                           stack         0092F
___stack_lo                           stack         003DE
__accesstop                           (abs)         00060
__activetblptr                        (abs)         00003
__end_of_ENTERCRITICAL                text18        10BF8
__end_of_Event_getDelay               text6         10B8C
__end_of_Event_init                   text10        10954
__end_of_Event_setDelay               text5         10AD6
__end_of_Event_setId                  text8         10BC8
__end_of_Event_setPE                  text7         10A64
__end_of_INTERRUPT_Initialize         text25        10C32
__end_of_INTERRUPT_InterruptManager   intcode       000AE
__end_of_LEAVECRITICAL                text17        10BE0
__end_of_OSCILLATOR_Initialize        text24        10C26
__end_of_PIN_MANAGER_Initialize       text23        10B38
__end_of_SPI2_Initialize              text22        10C1E
__end_of_SYSTEM_Initialize            text19        10C0E
__end_of_TMR0_CallBack                text28        10B0A
__end_of_TMR0_DefaultInterruptHandler text29        10C36
__end_of_TMR0_ISR                     text27        10B66
__end_of_TMR0_Initialize              text20        10A9E
__end_of_TMR0_SetInterruptHandler     text21        10BAE
__end_of_XF_decrementAndQueueTimers   text30        10628
__end_of_XF_executeOnce               text11        10906
__end_of_XF_init                      text9         103E2
__end_of_XF_popEvent                  text15        107BC
__end_of_XF_post                      text2         106F4
__end_of_XF_pushEvent                 text3         10150
__end_of_XF_scheduleTimer             text4         10876
__end_of_XF_unscheduleTimer           text31        109A2
__end_of___awmod                      text16        1029A
__end_of__initialization              cinit         10A22
__end_of_lightContol_BackLight        text14        10C2E
__end_of_lightContol_FrontLight       text13        10C2A
__end_of_lightControl_Process         text12        1052A
__end_of_main                         text0         109EA
__end_of_updateCarState               text1         10C34
__initialization                      cinit         109EA
__mediumconst                         mediumconst   0FFEC
__pbssBANK1                           bssBANK1      00100
__pbssBANK2                           bssBANK2      00200
__pbssBIGRAM                          bssBIGRAM     002C8
__pbssCOMRAM                          bssCOMRAM     00001
__pcinit                              cinit         109EA
__pcstackCOMRAM                       cstackCOMRAM  00046
__pintcode                            intcode       00008
__pmediumconst                        mediumconst   0FFEC
__pnvCOMRAM                           nvCOMRAM      00056
__ptext0                              text0         109A2
__ptext1                              text1         10C32
__ptext10                             text10        10906
__ptext11                             text11        10876
__ptext12                             text12        103E2
__ptext13                             text13        10C26
__ptext14                             text14        10C2A
__ptext15                             text15        106F4
__ptext16                             text16        10150
__ptext17                             text17        10BC8
__ptext18                             text18        10BE0
__ptext19                             text19        10BF8
__ptext2                              text2         10628
__ptext20                             text20        10A64
__ptext21                             text21        10B8C
__ptext22                             text22        10C0E
__ptext23                             text23        10B0A
__ptext24                             text24        10C1E
__ptext25                             text25        10C2E
__ptext27                             text27        10B38
__ptext28                             text28        10AD6
__ptext29                             text29        10C34
__ptext3                              text3         10000
__ptext30                             text30        1052A
__ptext31                             text31        10954
__ptext32                             text32        00000
__ptext4                              text4         107BC
__ptext5                              text5         10A9E
__ptext6                              text6         10B66
__ptext7                              text7         10A28
__ptext8                              text8         10BAE
__ptext9                              text9         1029A
__ramtop                              ramtop        01000
__smallconst                          smallconst    00000
_carState                             bssCOMRAM     00001
_dummy                                bssCOMRAM     0001C
_lightContol_BackLight                text14        10C2A
_lightContol_FrontLight               text13        10C26
_lightControl_Process                 text12        103E2
_main                                 text0         109A2
_spiReceiveBuffer                     bssBANK2      00200
_spiTransmitBuffer                    bssBANK1      00100
_theXF                                bssBIGRAM     002C8
_timer0ReloadVal                      bssCOMRAM     00022
_updateCarState                       text1         10C32
btemp                                 temp          00026
end_of_initialization                 cinit         10A22
intlevel0                             text          00000
intlevel1                             text          00000
intlevel2                             text          00000
intlevel3                             text          00000
isa$std                               (abs)         00001
isa$xinst                             (abs)         00000
lightControl_Process@oldState         bssCOMRAM     00024
lightControl_Process@state            bssCOMRAM     00025
lltemp0                               temp          00026
lltemp1                               temp          0002E
lltemp2                               temp          00036
lltemp3                               temp          0003E
ltemp0                                temp          00026
ltemp1                                temp          0002A
ltemp2                                temp          0002E
stackhi                               (abs)         00E7F
stacklo                               (abs)         003DE
start                                 init          000AE
start_initialization                  cinit         109EA
ttemp0                                temp          00026
ttemp1                                temp          00029
ttemp2                                temp          0002C
ttemp3                                temp          0002F
ttemp5                                temp          00027
ttemp6                                temp          0002A
ttemp7                                temp          0002E
wtemp0                                temp          00026
wtemp1                                temp          00028
wtemp2                                temp          0002A
wtemp3                                temp          0002C
wtemp4                                temp          0002E
wtemp5                                temp          00030
wtemp8                                temp          00027


MODULE INFORMATION

Module		Function		Class		Link	Load	Size
xf/event.c
		_Event_init    		CODE           	10906	0000	78
		_Event_setDelay		CODE           	10A9E	0000	56
		_Event_setPE   		CODE           	10A28	0000	60
		_Event_setId   		CODE           	10BAE	0000	26
		_Event_getDelay		CODE           	10B66	0000	38

xf/event.c estimated size: 258

mcc_generated_files/interrupt_manager.c
		_INTERRUPT_Initialize		CODE           	10C2E	0000	4
		_INTERRUPT_InterruptManager		CODE           	0008	0000	166

mcc_generated_files/interrupt_manager.c estimated size: 170

mcc_generated_files/tmr0.c
		_TMR0_SetInterruptHandler		CODE           	10B8C	0000	34
		_TMR0_DefaultInterruptHandler		CODE           	10C34	0000	2
		_TMR0_CallBack 		CODE           	10AD6	0000	52
		_TMR0_ISR      		CODE           	10B38	0000	46
		_TMR0_Initialize		CODE           	10A64	0000	58

mcc_generated_files/tmr0.c estimated size: 192

mcc_generated_files/pin_manager.c
		_PIN_MANAGER_Initialize		CODE           	10B0A	0000	46

mcc_generated_files/pin_manager.c estimated size: 46

C:\Program Files\Microchip\xc8\v2.45\pic\sources\c99\common\awmod.c
		___awmod       		CODE           	10150	0000	330

C:\Program Files\Microchip\xc8\v2.45\pic\sources\c99\common\awmod.c estimated size: 330

shared
		__initialization		CODE           	109EA	0000	56

shared estimated size: 56

mcc_generated_files/mcc.c
		_OSCILLATOR_Initialize		CODE           	10C1E	0000	8
		_SYSTEM_Initialize		CODE           	10BF8	0000	22

mcc_generated_files/mcc.c estimated size: 30

xf/xf.c
		_XF_executeOnce		CODE           	10876	0000	144
		_XF_popEvent   		CODE           	106F4	0000	200
		_XF_init       		CODE           	1029A	0000	328
		_XF_pushEvent  		CODE           	10000	0000	336
		_XF_post       		CODE           	10628	0000	204
		_ENTERCRITICAL 		CODE           	10BE0	0000	24
		_XF_decrementAndQueueTimers		CODE           	1052A	0000	254
		_XF_unscheduleTimer		CODE           	10954	0000	78
		_XF_scheduleTimer		CODE           	107BC	0000	186
		_LEAVECRITICAL 		CODE           	10BC8	0000	24

xf/xf.c estimated size: 1778

mcc_generated_files/spi2.c
		_SPI2_Initialize		CODE           	10C0E	0000	16

mcc_generated_files/spi2.c estimated size: 16

main.c
		_main          		CODE           	109A2	0000	72

main.c estimated size: 72

carFunctions.c
		_lightContol_FrontLight		CODE           	10C26	0000	4
		_lightControl_Process		CODE           	103E2	0000	328
		_updateCarState		CODE           	10C32	0000	2
		_lightContol_BackLight		CODE           	10C2A	0000	4

carFunctions.c estimated size: 338

