Microchip MPLAB XC8 Compiler V2.50

Linker command line:

-W3 \
  --edf=C:\Program Files\Microchip\xc8\v2.50\pic\dat\20240725155939_en.msgs \
  -cn -h+dist/default/production\can_car_with_xf_students.X.production.sym \
  --cmf=dist/default/production\can_car_with_xf_students.X.production.cmf \
  -z -Q18F97J60 \
  -oC:\Users\diogo\AppData\Local\Temp\xcAs2nrs.\driver_tmp_3.o \
  --defsym=__MPLAB_BUILD=1 --fixupoverflow=error \
  -Mdist/default/production/can_car_with_xf_students.X.production.map \
  --md=C:\Users\diogo\AppData\Local\Temp\xcAs2nrs.\driver_tmp_0.dat -E1 \
  -ver=XC8 Compiler --acfsm=1493 -ASTACK=03E2h-0E7Fh -pstack=STACK \
  -ACODE=00h-01FFF7h -ACONST=00h-01FFF7h \
  -ASMALLCONST=01000h-010FFhx495,01FF00h-01FFF7h \
  -AMEDIUMCONST=01000h-0FFFFh,011000h-01FFF7h -ACOMRAM=01h-05Fh \
  -AABS1=00h-0E7Fh,0F00h-0F5Fh -ABIGRAM=01h-0E7Fh,0F00h-0F5Fh \
  -ARAM=060h-0FFh,0100h-01FFhx13,0E00h-0E7Fh,0F00h-0F5Fh -ABANK0=060h-0FFh \
  -ABANK1=0100h-01FFh -ABANK2=0200h-02FFh -ABANK3=0300h-03FFh \
  -ABANK4=0400h-04FFh -ABANK5=0500h-05FFh -ABANK6=0600h-06FFh \
  -ABANK7=0700h-07FFh -ABANK8=0800h-08FFh -ABANK9=0900h-09FFh \
  -ABANK10=0A00h-0AFFh -ABANK11=0B00h-0BFFh -ABANK12=0C00h-0CFFh \
  -ABANK13=0D00h-0DFFh -ABANK14=0E00h-0E7Fh -ABANK15=0F00h-0F5Fh \
  -ASFR=0E80h-0EFFh,0F60h-0FFFh -ABIGSFR=0E80h-0EFFh,0F60h-0FFFh \
  -ACONFIG=01FFF8h-01FFFDh \
  -preset_vec=00h,intcode=8h,intcodelo,powerup,init -pramtop=01000h \
  -psmallconst=SMALLCONST -pmediumconst=MEDIUMCONST -pconst=CONST \
  -AFARRAM=00h-00h -pjflash_buffer=01F800h \
  -prdata=COMRAM,nvrram=COMRAM,nvbit=COMRAM,rbss=COMRAM,rbit=COMRAM \
  -pfarbss=FARRAM,fardata=FARRAM,nvFARRAM=FARRAM \
  -pintsave_regs=BIGRAM,bigbss=BIGRAM,bigdata=BIGRAM -pbss=RAM \
  -pidata=CODE,irdata=CODE,ibigdata=CODE,ifardata=CODE -prparam=COMRAM \
  C:\Users\diogo\AppData\Local\Temp\xcAs2nrs.\driver_tmp_9.o \
  dist/default/production\can_car_with_xf_students.X.production.o 

Object code version is 3.11

Machine type is 18F97J60



                Name                               Link     Load   Length Selector   Space Scale
C:\Users\diogo\AppData\Local\Temp\xcAs2nrs.\driver_tmp_9.o
                stack                               3E2      3E2      A9E      3E2       2
                config                            1FFF8    1FFF8        6        0       4
                init                                 AE       AE        8        4       0
                reset_vec                             0        0        4        0       0
dist/default/production\can_car_with_xf_students.X.production.o
                intcode                               8        8       A6        4       0
                config                            1FFF8    1FFF8        6        0       4
                temp                                 2A       2A       20        1       1
                mediumconst                        FF8C     FF8C       74     7FC6       0
                text75                            14942    14942       58     8000       0
                text74                            1371C    1371C       FE     8000       0
                text73                            14CC0    14CC0        2     A660       0
                text72                            14AEC    14AEC       34     8000       0
                text71                            14B4E    14B4E       2E     8000       0
                text69                            13E0C    13E0C       C4     8000       0
                text68                            13AD2    13AD2       D8     8000       0
                text67                            11C18    11C18      24C     8000       0
                text66                            1173A    1173A      280     8000       0
                text65                            119BA    119BA      25E     8000       0
                text64                            13D42    13D42       CA     8000       0
                text63                            1481C    1481C       64     8000       0
                text62                            14880    14880       62     8000       0
                text61                            1499A    1499A       56     8000       0
                text60                            145EC    145EC       86     8000       0
                text59                            1313C    1313C      142     8000       0
                text58                            13F88    13F88       B6     8000       0
                text57                            14B7C    14B7C       2C     8000       0
                text56                            13ED0    13ED0       B8     8000       0
                text55                            148E2    148E2       60     8000       0
                text54                            14C18    14C18       1C     8000       0
                text53                            14BA8    14BA8       28     8000       0
                text52                            12B9C    12B9C      182     8000       0
                text51                            133BE    133BE      13A     8000       0
                text50                            1327E    1327E      140     8000       0
                text49                            1381A    1381A       EE     8000       0
                text48                            122EE    122EE      20E     8000       0
                text47                            144CA    144CA       92     8000       0
                text46                            1117E    1117E      334     8000       0
                text45                            10E34    10E34      34A     8000       0
                text44                            14434    14434       96     8000       0
                text43                            146E6    146E6       6A     8000       0
                text42                            14CB8    14CB8        4     8000       0
                text41                            14CA4    14CA4        8     8000       0
                text40                            14B20    14B20       2E     8000       0
                text39                            14C94    14C94       10     8000       0
                text38                            14BF6    14BF6       22     8000       0
                text37                            14A7A    14A7A       3A     8000       0
                text36                            14C7E    14C7E       16     8000       0
                text35                            14C66    14C66       18     8000       0
                text34                            14C4E    14C4E       18     8000       0
                text33                            12FF2    12FF2      14A     8000       0
                text32                            13C76    13C76       CC     8000       0
                text31                            1439C    1439C       98     8000       0
                text30                            124FC    124FC      1DE     8000       0
                text29                            114B2    114B2      288     8000       0
                text28                            141A0    141A0       AE     8000       0
                text27                            134F8    134F8      11A     8000       0
                text26                            10000    10000      74C     8000       0
                text25                            1424E    1424E       AA     8000       0
                text24                            1403E    1403E       B4     8000       0
                text23                            140F2    140F2       AE     8000       0
                text22                            12882    12882      18E     8000       0
                text21                            139F2    139F2       E0     8000       0
                text20                            11E64    11E64      248     8000       0
                text19                            126DA    126DA      1A8     8000       0
                text18                            1455C    1455C       90     8000       0
                text17                            149F0    149F0       4E     8000       0
                text16                            12E9E    12E9E      154     8000       0
                text15                            142F8    142F8       A4     8000       0
                text14                            12A10    12A10      18C     8000       0
                text13                            14672    14672       74     8000       0
                text12                            1074C    1074C      6E8     8000       0
                text11                            147B8    147B8       64     8000       0
                text10                            14C34    14C34       1A     8000       0
                text9                             14A3E    14A3E       3C     8000       0
                text8                             14BD0    14BD0       26     8000       0
                text7                             14AB4    14AB4       38     8000       0
                text6                             14CB2    14CB2        6     8000       0
                text5                             14CAC    14CAC        6     8000       0
                text4                             13908    13908       EA     8000       0
                text3                             12D1E    12D1E      180     8000       0
                text2                             13BAA    13BAA       CC     8000       0
                text1                             120AC    120AC      242     8000       0
                text0                             13612    13612      10A     8000       0
                cstackCOMRAM                         4A       4A       10        1       1
                bssBIGRAM                           2C8      2C8      11A      2C8       1
                bssBANK2                            200      200       C8      200       1
                bssBANK1                            100      100       C8      100       1
                bssBANK0                             60       60       40       60       1
                dataCOMRAM                           5D       5D        3        1       1
                bssCOMRAM                             1        1       29        1       1
                cinit                             14750    14750       68     8000       0
                nvCOMRAM                             5A       5A        3        1       1
                idataCOMRAM                       14CBC    14CBC        3     8000       0

TOTAL           Name                               Link     Load   Length     Space
        CLASS   STACK          
                stack                               3E2      3E2      A9E         2

        CLASS   CODE           
                intcode                               8        8       A6         0
                init                                 AE       AE        8         0
                reset_vec                             0        0        4         0
                text75                            14942    14942       58         0
                text74                            1371C    1371C       FE         0
                text73                            14CC0    14CC0        2         0
                text72                            14AEC    14AEC       34         0
                text71                            14B4E    14B4E       2E         0
                text69                            13E0C    13E0C       C4         0
                text68                            13AD2    13AD2       D8         0
                text67                            11C18    11C18      24C         0
                text66                            1173A    1173A      280         0
                text65                            119BA    119BA      25E         0
                text64                            13D42    13D42       CA         0
                text63                            1481C    1481C       64         0
                text62                            14880    14880       62         0
                text61                            1499A    1499A       56         0
                text60                            145EC    145EC       86         0
                text59                            1313C    1313C      142         0
                text58                            13F88    13F88       B6         0
                text57                            14B7C    14B7C       2C         0
                text56                            13ED0    13ED0       B8         0
                text55                            148E2    148E2       60         0
                text54                            14C18    14C18       1C         0
                text53                            14BA8    14BA8       28         0
                text52                            12B9C    12B9C      182         0
                text51                            133BE    133BE      13A         0
                text50                            1327E    1327E      140         0
                text49                            1381A    1381A       EE         0
                text48                            122EE    122EE      20E         0
                text47                            144CA    144CA       92         0
                text46                            1117E    1117E      334         0
                text45                            10E34    10E34      34A         0
                text44                            14434    14434       96         0
                text43                            146E6    146E6       6A         0
                text42                            14CB8    14CB8        4         0
                text41                            14CA4    14CA4        8         0
                text40                            14B20    14B20       2E         0
                text39                            14C94    14C94       10         0
                text38                            14BF6    14BF6       22         0
                text37                            14A7A    14A7A       3A         0
                text36                            14C7E    14C7E       16         0
                text35                            14C66    14C66       18         0
                text34                            14C4E    14C4E       18         0
                text33                            12FF2    12FF2      14A         0
                text32                            13C76    13C76       CC         0
                text31                            1439C    1439C       98         0
                text30                            124FC    124FC      1DE         0
                text29                            114B2    114B2      288         0
                text28                            141A0    141A0       AE         0
                text27                            134F8    134F8      11A         0
                text26                            10000    10000      74C         0
                text25                            1424E    1424E       AA         0
                text24                            1403E    1403E       B4         0
                text23                            140F2    140F2       AE         0
                text22                            12882    12882      18E         0
                text21                            139F2    139F2       E0         0
                text20                            11E64    11E64      248         0
                text19                            126DA    126DA      1A8         0
                text18                            1455C    1455C       90         0
                text17                            149F0    149F0       4E         0
                text16                            12E9E    12E9E      154         0
                text15                            142F8    142F8       A4         0
                text14                            12A10    12A10      18C         0
                text13                            14672    14672       74         0
                text12                            1074C    1074C      6E8         0
                text11                            147B8    147B8       64         0
                text10                            14C34    14C34       1A         0
                text9                             14A3E    14A3E       3C         0
                text8                             14BD0    14BD0       26         0
                text7                             14AB4    14AB4       38         0
                text6                             14CB2    14CB2        6         0
                text5                             14CAC    14CAC        6         0
                text4                             13908    13908       EA         0
                text3                             12D1E    12D1E      180         0
                text2                             13BAA    13BAA       CC         0
                text1                             120AC    120AC      242         0
                text0                             13612    13612      10A         0
                cinit                             14750    14750       68         0
                idataCOMRAM                       14CBC    14CBC        3         0

        CLASS   CONST          

        CLASS   SMALLCONST     

        CLASS   MEDIUMCONST    
                mediumconst                        FF8C     FF8C       74         0

        CLASS   COMRAM         
                temp                                 2A       2A       20         1
                cstackCOMRAM                         4A       4A       10         1
                dataCOMRAM                           5D       5D        3         1
                bssCOMRAM                             1        1       29         1
                nvCOMRAM                             5A       5A        3         1

        CLASS   ABS1           

        CLASS   BIGRAM         
                bssBIGRAM                           2C8      2C8      11A         1

        CLASS   RAM            

        CLASS   BANK0          
                bssBANK0                             60       60       40         1

        CLASS   BANK1          
                bssBANK1                            100      100       C8         1

        CLASS   BANK2          
                bssBANK2                            200      200       C8         1

        CLASS   BANK3          

        CLASS   BANK4          

        CLASS   BANK5          

        CLASS   BANK6          

        CLASS   BANK7          

        CLASS   BANK8          

        CLASS   BANK9          

        CLASS   BANK10         

        CLASS   BANK11         

        CLASS   BANK12         

        CLASS   BANK13         

        CLASS   BANK14         

        CLASS   BANK15         

        CLASS   SFR            

        CLASS   BIGSFR         

        CLASS   CONFIG         
                config                            1FFF8    1FFF8        6         4

        CLASS   FARRAM         

        CLASS   HEAP           

        CLASS   IDLOC          



SEGMENTS        Name                           Load    Length   Top    Selector   Space  Class

                reset_vec                      000000  000004  000004         0       0  CODE    
                bssCOMRAM                      000001  00005F  000060         1       1  COMRAM  
                intcode                        000008  0000AE  0000B6         4       0  CODE    
                bssBANK0                       000060  000040  0000A0        60       1  BANK0   
                bssBANK1                       000100  0000C8  0001C8       100       1  BANK1   
                bssBANK2                       000200  0000C8  0002C8       200       1  BANK2   
                bssBIGRAM                      0002C8  00011A  0003E2       2C8       1  BIGRAM  
                stack                          0003E2  000A9E  000E80       3E2       2  STACK   
                mediumconst                    00FF8C  000074  010000      7FC6       0  MEDIUMCO
                text26                         010000  004CBF  014CBF      8000       0  CODE    
                text73                         014CC0  000002  014CC2      A660       0  CODE    


UNUSED ADDRESS RANGES

        Name                Unused          Largest block    Delta
        BANK0            000A0-000FF              60
        BANK1            001C8-001FF              38
        BANK10           00A00-00AFF             100
        BANK11           00B00-00BFF             100
        BANK12           00C00-00CFF             100
        BANK13           00D00-00DFF             100
        BANK14           00E00-00E7F              80
        BANK15           00F00-00F5F              60
        BANK3            003E2-003FF              1E
        BANK4            00400-004FF             100
        BANK5            00500-005FF             100
        BANK6            00600-006FF             100
        BANK7            00700-007FF             100
        BANK8            00800-008FF             100
        BANK9            00900-009FF             100
        BIGRAM           000A0-000FF              60
                         001C8-001FF              38
                         003E2-00E7F             A9E
                         00F00-00F5F              60
        BIGSFR           00E80-00EFF              80
                         00F60-00FFF              A0
        CODE             00004-00007               4
                         000B6-0FF8B            FED6
                         14CBF-14CBF               1
                         14CC2-1FFF7            B336
        CONST            00004-00007               4
                         000B6-0FF8B            FED6
                         14CBF-14CBF               1
                         14CC2-1FFF7            B336
        MEDIUMCONST      01000-0FF8B            EF8C
                         14CBF-14CBF               1
                         14CC2-1FFF7            B336
        RAM              000A0-000FF              60
                         001C8-001FF              38
                         003E2-00E7F             100
                         00F00-00F5F              60
        SFR              00E80-00EFF              80
                         00F60-00FFF              A0
        SMALLCONST       01000-0FF8B             100
                         14CBF-14CBF               1
                         14CC2-1FFF7             100

                                  Symbol Table

TMR0_ISR@CountCallBack                                    bssCOMRAM     00020
_ADCON1bits                                               (abs)         00FC1
_CanInit                                                  text48        122EE
_CanReceive                                               text11        147B8
_CanSend                                                  text25        1424E
_CanSetFilter                                             text43        146E6
_DRV_CANFDSPI_BitTimeConfigureNominal40MHz                text67        11C18
_DRV_CANFDSPI_Configure                                   text66        1173A
_DRV_CANFDSPI_ConfigureObjectReset                        text65        119BA
_DRV_CANFDSPI_DlcToDataBytes                              text30        124FC
_DRV_CANFDSPI_FilterDisable                               text47        144CA
_DRV_CANFDSPI_FilterMaskConfigure                         text46        1117E
_DRV_CANFDSPI_FilterObjectConfigure                       text45        10E34
_DRV_CANFDSPI_FilterToFifoLink                            text44        14434
_DRV_CANFDSPI_ModuleEventEnable                           text63        1481C
_DRV_CANFDSPI_OperationModeSelect                         text60        145EC
_DRV_CANFDSPI_ReadByte                                    text62        14880
_DRV_CANFDSPI_ReadByteArray                               text14        12A10
_DRV_CANFDSPI_ReadWordArray                               text29        114B2
_DRV_CANFDSPI_ReceiveChannelConfigure                     text59        1313C
_DRV_CANFDSPI_ReceiveChannelEventGet                      text15        142F8
_DRV_CANFDSPI_ReceiveChannelUpdate                        text13        14672
_DRV_CANFDSPI_ReceiveMessageGet                           text12        1074C
_DRV_CANFDSPI_Reset                                       text57        14B7C
_DRV_CANFDSPI_TefConfigure                                text56        13ED0
_DRV_CANFDSPI_TimeStampEnable                             text55        148E2
_DRV_CANFDSPI_TimeStampPrescalerSet                       text54        14C18
_DRV_CANFDSPI_TimeStampSet                                text53        14BA8
_DRV_CANFDSPI_TransmitChannelConfigure                    text52        12B9C
_DRV_CANFDSPI_TransmitChannelConfigureObjectReset         text51        133BE
_DRV_CANFDSPI_TransmitChannelEventGet                     text31        1439C
_DRV_CANFDSPI_TransmitChannelLoad                         text26        10000
_DRV_CANFDSPI_TransmitChannelUpdate                       text28        141A0
_DRV_CANFDSPI_TransmitQueueConfigure                      text50        1327E
_DRV_CANFDSPI_TransmitQueueConfigureObjectReset           text49        1381A
_DRV_CANFDSPI_WriteByte                                   text61        1499A
_DRV_CANFDSPI_WriteByteArray                              text27        134F8
_DRV_CANFDSPI_WriteHalfWord                               text64        13D42
_DRV_CANFDSPI_WriteWord                                   text68        13AD2
_ENTERCRITICAL                                            text35        14C66
_Event_getDelay                                           text8         14BD0
_Event_init                                               text17        149F0
_Event_setDelay                                           text7         14AB4
_Event_setId                                              text10        14C34
_Event_setPE                                              text9         14A3E
_INTCONbits                                               (abs)         00FF2
_INTERRUPT_Initialize                                     text42        14CB8
_INTERRUPT_InterruptManager                               intcode       00008
_LATA                                                     (abs)         00F89
_LATB                                                     (abs)         00F8A
_LATC                                                     (abs)         00F8B
_LATD                                                     (abs)         00F8C
_LATE                                                     (abs)         00F8D
_LATF                                                     (abs)         00F8E
_LATG                                                     (abs)         00F8F
_LATGbits                                                 (abs)         00F8F
_LATH                                                     (abs)         00F90
_LATJ                                                     (abs)         00F91
_LEAVECRITICAL                                            text34        14C4E
_OSCCON                                                   (abs)         00FD3
_OSCILLATOR_Initialize                                    text41        14CA4
_OSCTUNE                                                  (abs)         00F9B
_PIN_MANAGER_Initialize                                   text40        14B20
_RCONbits                                                 (abs)         00FD0
_SPI2_Initialize                                          text39        14C94
_SPI2_Open                                                text58        13F88
_SSP2ADD                                                  (abs)         00F65
_SSP2BUF                                                  (abs)         00F66
_SSP2CON1                                                 (abs)         00F63
_SSP2CON1bits                                             (abs)         00F63
_SSP2CON2                                                 (abs)         00F62
_SSP2STAT                                                 (abs)         00F64
_SSP2STATbits                                             (abs)         00F64
_SYSTEM_Initialize                                        text36        14C7E
_SpiTransfer                                              text69        13E0C
_T0CON                                                    (abs)         00FD5
_T0CONbits                                                (abs)         00FD5
_TMR0H                                                    (abs)         00FD7
_TMR0L                                                    (abs)         00FD6
_TMR0_CallBack                                            text72        14AEC
_TMR0_DefaultInterruptHandler                             text73        14CC0
_TMR0_ISR                                                 text71        14B4E
_TMR0_Initialize                                          text37        14A7A
_TMR0_InterruptHandler                                    nvCOMRAM      0005A
_TMR0_SetInterruptHandler                                 text38        14BF6
_TRISA                                                    (abs)         00F92
_TRISB                                                    (abs)         00F93
_TRISC                                                    (abs)         00F94
_TRISD                                                    (abs)         00F95
_TRISDbits                                                (abs)         00F95
_TRISE                                                    (abs)         00F96
_TRISF                                                    (abs)         00F97
_TRISG                                                    (abs)         00F98
_TRISGbits                                                (abs)         00F98
_TRISH                                                    (abs)         00F99
_TRISJ                                                    (abs)         00F9A
_XF_decrementAndQueueTimers                               text74        1371C
_XF_executeOnce                                           text18        1455C
_XF_init                                                  text16        12E9E
_XF_noMoreEvent                                           text6         14CB2
_XF_noMoreTimer                                           text5         14CAC
_XF_popEvent                                              text32        13C76
_XF_post                                                  text2         13BAA
_XF_pushEvent                                             text3         12D1E
_XF_scheduleTimer                                         text4         13908
_XF_unscheduleTimer                                       text75        14942
__HRAM                                                    (abs)         00000
__H__absolute__                                           __absolute__  00000
__Habs1                                                   abs1          00000
__Hbank0                                                  bank0         00000
__Hbank1                                                  bank1         00000
__Hbank10                                                 bank10        00000
__Hbank11                                                 bank11        00000
__Hbank12                                                 bank12        00000
__Hbank13                                                 bank13        00000
__Hbank14                                                 bank14        00000
__Hbank15                                                 bank15        00000
__Hbank2                                                  bank2         00000
__Hbank3                                                  bank3         00000
__Hbank4                                                  bank4         00000
__Hbank5                                                  bank5         00000
__Hbank6                                                  bank6         00000
__Hbank7                                                  bank7         00000
__Hbank8                                                  bank8         00000
__Hbank9                                                  bank9         00000
__Hbigbss                                                 bigbss        00000
__Hbigdata                                                bigdata       00000
__Hbigram                                                 bigram        00000
__Hbigsfr                                                 bigsfr        00000
__Hbss                                                    bss           00000
__HbssBANK0                                               bssBANK0      00000
__HbssBANK1                                               bssBANK1      00000
__HbssBANK2                                               bssBANK2      00000
__HbssBIGRAM                                              bssBIGRAM     00000
__HbssCOMRAM                                              bssCOMRAM     00000
__Hcinit                                                  cinit         00000
__Hclrtext                                                clrtext       00000
__Hcomram                                                 comram        00000
__Hconfig                                                 config        1FFFE
__Hconst                                                  const         00000
__HcstackCOMRAM                                           cstackCOMRAM  00000
__Hdata                                                   data          00000
__HdataCOMRAM                                             dataCOMRAM    00000
__Hfarbss                                                 farbss        00000
__Hfardata                                                fardata       00000
__Hheap                                                   heap          00000
__Hibigdata                                               ibigdata      00000
__Hidata                                                  idata         00000
__HidataCOMRAM                                            idataCOMRAM   00000
__Hidloc                                                  idloc         00000
__Hifardata                                               ifardata      00000
__Hinit                                                   init          000B6
__Hintcode                                                intcode       000AE
__Hintcode_body                                           intcode_body  00000
__Hintcodelo                                              intcodelo     000AE
__Hintentry                                               intentry      00000
__Hintret                                                 intret        00000
__Hintsave_regs                                           intsave_regs  00000
__Hirdata                                                 irdata        00000
__Hjflash_buffer                                          jflash_buffer 1F800
__Hmediumconst                                            mediumconst   10000
__HnvCOMRAM                                               nvCOMRAM      00000
__HnvFARRAM                                               nvFARRAM      00000
__Hnvbit                                                  nvbit         00000
__Hnvrram                                                 nvrram        00000
__Hparam                                                  rparam        00000
__Hpowerup                                                powerup       000AE
__Hram                                                    ram           00000
__Hramtop                                                 ramtop        01000
__Hrbit                                                   rbit          00000
__Hrbss                                                   rbss          00000
__Hrdata                                                  rdata         00000
__Hreset_vec                                              reset_vec     00004
__Hrparam                                                 rparam        00000
__Hsfr                                                    sfr           00000
__Hsivt_hi                                                sivt_hi       00000
__Hsivt_lo                                                sivt_lo       00000
__Hsmallconst                                             smallconst    00000
__Hspace_0                                                (abs)         1F800
__Hspace_1                                                (abs)         003E2
__Hspace_2                                                (abs)         00E80
__Hspace_4                                                (abs)         3FFF6
__Hstack                                                  stack         00E80
__Hstruct                                                 struct        00000
__Htemp                                                   temp          0004A
__Htext                                                   text          00000
__Htext0                                                  text0         00000
__Htext1                                                  text1         00000
__Htext10                                                 text10        00000
__Htext11                                                 text11        00000
__Htext12                                                 text12        00000
__Htext13                                                 text13        00000
__Htext14                                                 text14        00000
__Htext15                                                 text15        00000
__Htext16                                                 text16        00000
__Htext17                                                 text17        00000
__Htext18                                                 text18        00000
__Htext19                                                 text19        00000
__Htext2                                                  text2         00000
__Htext20                                                 text20        00000
__Htext21                                                 text21        00000
__Htext22                                                 text22        00000
__Htext23                                                 text23        00000
__Htext24                                                 text24        00000
__Htext25                                                 text25        00000
__Htext26                                                 text26        00000
__Htext27                                                 text27        00000
__Htext28                                                 text28        00000
__Htext29                                                 text29        00000
__Htext3                                                  text3         00000
__Htext30                                                 text30        00000
__Htext31                                                 text31        00000
__Htext32                                                 text32        00000
__Htext33                                                 text33        00000
__Htext34                                                 text34        00000
__Htext35                                                 text35        00000
__Htext36                                                 text36        00000
__Htext37                                                 text37        00000
__Htext38                                                 text38        00000
__Htext39                                                 text39        00000
__Htext4                                                  text4         00000
__Htext40                                                 text40        00000
__Htext41                                                 text41        00000
__Htext42                                                 text42        00000
__Htext43                                                 text43        00000
__Htext44                                                 text44        00000
__Htext45                                                 text45        00000
__Htext46                                                 text46        00000
__Htext47                                                 text47        00000
__Htext48                                                 text48        00000
__Htext49                                                 text49        00000
__Htext5                                                  text5         00000
__Htext50                                                 text50        00000
__Htext51                                                 text51        00000
__Htext52                                                 text52        00000
__Htext53                                                 text53        00000
__Htext54                                                 text54        00000
__Htext55                                                 text55        00000
__Htext56                                                 text56        00000
__Htext57                                                 text57        00000
__Htext58                                                 text58        00000
__Htext59                                                 text59        00000
__Htext6                                                  text6         00000
__Htext60                                                 text60        00000
__Htext61                                                 text61        00000
__Htext62                                                 text62        00000
__Htext63                                                 text63        00000
__Htext64                                                 text64        00000
__Htext65                                                 text65        00000
__Htext66                                                 text66        00000
__Htext67                                                 text67        00000
__Htext68                                                 text68        00000
__Htext69                                                 text69        00000
__Htext7                                                  text7         00000
__Htext71                                                 text71        00000
__Htext72                                                 text72        00000
__Htext73                                                 text73        00000
__Htext74                                                 text74        00000
__Htext75                                                 text75        00000
__Htext8                                                  text8         00000
__Htext9                                                  text9         00000
__LRAM                                                    (abs)         00001
__L__absolute__                                           __absolute__  00000
__Labs1                                                   abs1          00000
__Lbank0                                                  bank0         00000
__Lbank1                                                  bank1         00000
__Lbank10                                                 bank10        00000
__Lbank11                                                 bank11        00000
__Lbank12                                                 bank12        00000
__Lbank13                                                 bank13        00000
__Lbank14                                                 bank14        00000
__Lbank15                                                 bank15        00000
__Lbank2                                                  bank2         00000
__Lbank3                                                  bank3         00000
__Lbank4                                                  bank4         00000
__Lbank5                                                  bank5         00000
__Lbank6                                                  bank6         00000
__Lbank7                                                  bank7         00000
__Lbank8                                                  bank8         00000
__Lbank9                                                  bank9         00000
__Lbigbss                                                 bigbss        00000
__Lbigdata                                                bigdata       00000
__Lbigram                                                 bigram        00000
__Lbigsfr                                                 bigsfr        00000
__Lbss                                                    bss           00000
__LbssBANK0                                               bssBANK0      00000
__LbssBANK1                                               bssBANK1      00000
__LbssBANK2                                               bssBANK2      00000
__LbssBIGRAM                                              bssBIGRAM     00000
__LbssCOMRAM                                              bssCOMRAM     00000
__Lcinit                                                  cinit         00000
__Lclrtext                                                clrtext       00000
__Lcomram                                                 comram        00000
__Lconfig                                                 config        00000
__Lconst                                                  const         00000
__LcstackCOMRAM                                           cstackCOMRAM  00000
__Ldata                                                   data          00000
__LdataCOMRAM                                             dataCOMRAM    00000
__Lfarbss                                                 farbss        00000
__Lfardata                                                fardata       00000
__Lheap                                                   heap          00000
__Libigdata                                               ibigdata      00000
__Lidata                                                  idata         00000
__LidataCOMRAM                                            idataCOMRAM   00000
__Lidloc                                                  idloc         00000
__Lifardata                                               ifardata      00000
__Linit                                                   init          000AE
__Lintcode                                                intcode       00008
__Lintcode_body                                           intcode_body  00000
__Lintcodelo                                              intcodelo     000AE
__Lintentry                                               intentry      00000
__Lintret                                                 intret        00000
__Lintsave_regs                                           intsave_regs  00000
__Lirdata                                                 irdata        00000
__Ljflash_buffer                                          jflash_buffer 1F800
__Lmediumconst                                            mediumconst   0FF8C
__LnvCOMRAM                                               nvCOMRAM      00000
__LnvFARRAM                                               nvFARRAM      00000
__Lnvbit                                                  nvbit         00000
__Lnvrram                                                 nvrram        00000
__Lparam                                                  rparam        00000
__Lpowerup                                                powerup       000AE
__Lram                                                    ram           00000
__Lramtop                                                 ramtop        01000
__Lrbit                                                   rbit          00000
__Lrbss                                                   rbss          00000
__Lrdata                                                  rdata         00000
__Lreset_vec                                              reset_vec     00000
__Lrparam                                                 rparam        00000
__Lsfr                                                    sfr           00000
__Lsivt_hi                                                sivt_hi       00000
__Lsivt_lo                                                sivt_lo       00000
__Lsmallconst                                             smallconst    00000
__Lspace_0                                                (abs)         00000
__Lspace_1                                                (abs)         00000
__Lspace_2                                                (abs)         00000
__Lspace_4                                                (abs)         00000
__Lstack                                                  stack         003E2
__Lstruct                                                 struct        00000
__Ltemp                                                   temp          0002A
__Ltext                                                   text          00000
__Ltext0                                                  text0         00000
__Ltext1                                                  text1         00000
__Ltext10                                                 text10        00000
__Ltext11                                                 text11        00000
__Ltext12                                                 text12        00000
__Ltext13                                                 text13        00000
__Ltext14                                                 text14        00000
__Ltext15                                                 text15        00000
__Ltext16                                                 text16        00000
__Ltext17                                                 text17        00000
__Ltext18                                                 text18        00000
__Ltext19                                                 text19        00000
__Ltext2                                                  text2         00000
__Ltext20                                                 text20        00000
__Ltext21                                                 text21        00000
__Ltext22                                                 text22        00000
__Ltext23                                                 text23        00000
__Ltext24                                                 text24        00000
__Ltext25                                                 text25        00000
__Ltext26                                                 text26        00000
__Ltext27                                                 text27        00000
__Ltext28                                                 text28        00000
__Ltext29                                                 text29        00000
__Ltext3                                                  text3         00000
__Ltext30                                                 text30        00000
__Ltext31                                                 text31        00000
__Ltext32                                                 text32        00000
__Ltext33                                                 text33        00000
__Ltext34                                                 text34        00000
__Ltext35                                                 text35        00000
__Ltext36                                                 text36        00000
__Ltext37                                                 text37        00000
__Ltext38                                                 text38        00000
__Ltext39                                                 text39        00000
__Ltext4                                                  text4         00000
__Ltext40                                                 text40        00000
__Ltext41                                                 text41        00000
__Ltext42                                                 text42        00000
__Ltext43                                                 text43        00000
__Ltext44                                                 text44        00000
__Ltext45                                                 text45        00000
__Ltext46                                                 text46        00000
__Ltext47                                                 text47        00000
__Ltext48                                                 text48        00000
__Ltext49                                                 text49        00000
__Ltext5                                                  text5         00000
__Ltext50                                                 text50        00000
__Ltext51                                                 text51        00000
__Ltext52                                                 text52        00000
__Ltext53                                                 text53        00000
__Ltext54                                                 text54        00000
__Ltext55                                                 text55        00000
__Ltext56                                                 text56        00000
__Ltext57                                                 text57        00000
__Ltext58                                                 text58        00000
__Ltext59                                                 text59        00000
__Ltext6                                                  text6         00000
__Ltext60                                                 text60        00000
__Ltext61                                                 text61        00000
__Ltext62                                                 text62        00000
__Ltext63                                                 text63        00000
__Ltext64                                                 text64        00000
__Ltext65                                                 text65        00000
__Ltext66                                                 text66        00000
__Ltext67                                                 text67        00000
__Ltext68                                                 text68        00000
__Ltext69                                                 text69        00000
__Ltext7                                                  text7         00000
__Ltext71                                                 text71        00000
__Ltext72                                                 text72        00000
__Ltext73                                                 text73        00000
__Ltext74                                                 text74        00000
__Ltext75                                                 text75        00000
__Ltext8                                                  text8         00000
__Ltext9                                                  text9         00000
__S0                                                      (abs)         14CC2
__S1                                                      (abs)         003E2
__S2                                                      (abs)         00E80
__S4                                                      (abs)         00000
___awmod                                                  text33        12FF2
___extmem_base                                            (abs)         20000
___heap_hi                                                (abs)         00000
___heap_lo                                                (abs)         00000
___inthi_sp                                               stack         00931
___inthi_stack_hi                                         stack         00E80
___inthi_stack_lo                                         stack         00931
___intlo_sp                                               stack         00E80
___param_bank                                             (abs)         00000
___rparam_used                                            (abs)         00001
___sp                                                     stack         003E2
___stack_hi                                               stack         00931
___stack_lo                                               stack         003E2
__accesstop                                               (abs)         00060
__activetblptr                                            (abs)         00003
__end_of_CanInit                                          text48        124FC
__end_of_CanReceive                                       text11        1481C
__end_of_CanSend                                          text25        142F8
__end_of_CanSetFilter                                     text43        14750
__end_of_DRV_CANFDSPI_BitTimeConfigureNominal40MHz        text67        11E64
__end_of_DRV_CANFDSPI_Configure                           text66        119BA
__end_of_DRV_CANFDSPI_ConfigureObjectReset                text65        11C18
__end_of_DRV_CANFDSPI_DlcToDataBytes                      text30        126DA
__end_of_DRV_CANFDSPI_FilterDisable                       text47        1455C
__end_of_DRV_CANFDSPI_FilterMaskConfigure                 text46        114B2
__end_of_DRV_CANFDSPI_FilterObjectConfigure               text45        1117E
__end_of_DRV_CANFDSPI_FilterToFifoLink                    text44        144CA
__end_of_DRV_CANFDSPI_ModuleEventEnable                   text63        14880
__end_of_DRV_CANFDSPI_OperationModeSelect                 text60        14672
__end_of_DRV_CANFDSPI_ReadByte                            text62        148E2
__end_of_DRV_CANFDSPI_ReadByteArray                       text14        12B9C
__end_of_DRV_CANFDSPI_ReadWordArray                       text29        1173A
__end_of_DRV_CANFDSPI_ReceiveChannelConfigure             text59        1327E
__end_of_DRV_CANFDSPI_ReceiveChannelEventGet              text15        1439C
__end_of_DRV_CANFDSPI_ReceiveChannelUpdate                text13        146E6
__end_of_DRV_CANFDSPI_ReceiveMessageGet                   text12        10E34
__end_of_DRV_CANFDSPI_Reset                               text57        14BA8
__end_of_DRV_CANFDSPI_TefConfigure                        text56        13F88
__end_of_DRV_CANFDSPI_TimeStampEnable                     text55        14942
__end_of_DRV_CANFDSPI_TimeStampPrescalerSet               text54        14C34
__end_of_DRV_CANFDSPI_TimeStampSet                        text53        14BD0
__end_of_DRV_CANFDSPI_TransmitChannelConfigure            text52        12D1E
__end_of_DRV_CANFDSPI_TransmitChannelConfigureObjectReset text51        134F8
__end_of_DRV_CANFDSPI_TransmitChannelEventGet             text31        14434
__end_of_DRV_CANFDSPI_TransmitChannelLoad                 text26        1074C
__end_of_DRV_CANFDSPI_TransmitChannelUpdate               text28        1424E
__end_of_DRV_CANFDSPI_TransmitQueueConfigure              text50        133BE
__end_of_DRV_CANFDSPI_TransmitQueueConfigureObjectReset   text49        13908
__end_of_DRV_CANFDSPI_WriteByte                           text61        149F0
__end_of_DRV_CANFDSPI_WriteByteArray                      text27        13612
__end_of_DRV_CANFDSPI_WriteHalfWord                       text64        13E0C
__end_of_DRV_CANFDSPI_WriteWord                           text68        13BAA
__end_of_ENTERCRITICAL                                    text35        14C7E
__end_of_Event_getDelay                                   text8         14BF6
__end_of_Event_init                                       text17        14A3E
__end_of_Event_setDelay                                   text7         14AEC
__end_of_Event_setId                                      text10        14C4E
__end_of_Event_setPE                                      text9         14A7A
__end_of_INTERRUPT_Initialize                             text42        14CBC
__end_of_INTERRUPT_InterruptManager                       intcode       000AE
__end_of_LEAVECRITICAL                                    text34        14C66
__end_of_OSCILLATOR_Initialize                            text41        14CAC
__end_of_PIN_MANAGER_Initialize                           text40        14B4E
__end_of_SPI2_Initialize                                  text39        14CA4
__end_of_SPI2_Open                                        text58        1403E
__end_of_SYSTEM_Initialize                                text36        14C94
__end_of_SpiTransfer                                      text69        13ED0
__end_of_TMR0_CallBack                                    text72        14B20
__end_of_TMR0_DefaultInterruptHandler                     text73        14CC2
__end_of_TMR0_ISR                                         text71        14B7C
__end_of_TMR0_Initialize                                  text37        14AB4
__end_of_TMR0_SetInterruptHandler                         text38        14C18
__end_of_XF_decrementAndQueueTimers                       text74        1381A
__end_of_XF_executeOnce                                   text18        145EC
__end_of_XF_init                                          text16        12FF2
__end_of_XF_noMoreEvent                                   text6         14CB8
__end_of_XF_noMoreTimer                                   text5         14CB2
__end_of_XF_popEvent                                      text32        13D42
__end_of_XF_post                                          text2         13C76
__end_of_XF_pushEvent                                     text3         12E9E
__end_of_XF_scheduleTimer                                 text4         139F2
__end_of_XF_unscheduleTimer                               text75        1499A
__end_of___awmod                                          text33        1313C
__end_of__initialization                                  cinit         147B2
__end_of_canControlResetValues                            mediumconst   0FFDD
__end_of_canFifoResetValues                               mediumconst   0FFE9
__end_of_handleAccelerationCAN                            text22        12A10
__end_of_lightContol_BackLight                            text24        140F2
__end_of_lightContol_FrontLight                           text23        141A0
__end_of_lightControl_Process                             text19        12882
__end_of_main                                             text0         1371C
__end_of_motorControl                                     text21        13AD2
__end_of_motorControl_Process                             text20        120AC
__end_of_spi2_configuration                               mediumconst   0FFED
__end_of_updateCarState                                   text1         122EE
__initialization                                          cinit         14750
__mediumconst                                             mediumconst   0FF8C
__pbssBANK0                                               bssBANK0      00060
__pbssBANK1                                               bssBANK1      00100
__pbssBANK2                                               bssBANK2      00200
__pbssBIGRAM                                              bssBIGRAM     002C8
__pbssCOMRAM                                              bssCOMRAM     00001
__pcinit                                                  cinit         14750
__pcstackCOMRAM                                           cstackCOMRAM  0004A
__pdataCOMRAM                                             dataCOMRAM    0005D
__pidataCOMRAM                                            idataCOMRAM   14CBC
__pintcode                                                intcode       00008
__pmediumconst                                            mediumconst   0FF8C
__pnvCOMRAM                                               nvCOMRAM      0005A
__ptext0                                                  text0         13612
__ptext1                                                  text1         120AC
__ptext10                                                 text10        14C34
__ptext11                                                 text11        147B8
__ptext12                                                 text12        1074C
__ptext13                                                 text13        14672
__ptext14                                                 text14        12A10
__ptext15                                                 text15        142F8
__ptext16                                                 text16        12E9E
__ptext17                                                 text17        149F0
__ptext18                                                 text18        1455C
__ptext19                                                 text19        126DA
__ptext2                                                  text2         13BAA
__ptext20                                                 text20        11E64
__ptext21                                                 text21        139F2
__ptext22                                                 text22        12882
__ptext23                                                 text23        140F2
__ptext24                                                 text24        1403E
__ptext25                                                 text25        1424E
__ptext26                                                 text26        10000
__ptext27                                                 text27        134F8
__ptext28                                                 text28        141A0
__ptext29                                                 text29        114B2
__ptext3                                                  text3         12D1E
__ptext30                                                 text30        124FC
__ptext31                                                 text31        1439C
__ptext32                                                 text32        13C76
__ptext33                                                 text33        12FF2
__ptext34                                                 text34        14C4E
__ptext35                                                 text35        14C66
__ptext36                                                 text36        14C7E
__ptext37                                                 text37        14A7A
__ptext38                                                 text38        14BF6
__ptext39                                                 text39        14C94
__ptext4                                                  text4         13908
__ptext40                                                 text40        14B20
__ptext41                                                 text41        14CA4
__ptext42                                                 text42        14CB8
__ptext43                                                 text43        146E6
__ptext44                                                 text44        14434
__ptext45                                                 text45        10E34
__ptext46                                                 text46        1117E
__ptext47                                                 text47        144CA
__ptext48                                                 text48        122EE
__ptext49                                                 text49        1381A
__ptext5                                                  text5         14CAC
__ptext50                                                 text50        1327E
__ptext51                                                 text51        133BE
__ptext52                                                 text52        12B9C
__ptext53                                                 text53        14BA8
__ptext54                                                 text54        14C18
__ptext55                                                 text55        148E2
__ptext56                                                 text56        13ED0
__ptext57                                                 text57        14B7C
__ptext58                                                 text58        13F88
__ptext59                                                 text59        1313C
__ptext6                                                  text6         14CB2
__ptext60                                                 text60        145EC
__ptext61                                                 text61        1499A
__ptext62                                                 text62        14880
__ptext63                                                 text63        1481C
__ptext64                                                 text64        13D42
__ptext65                                                 text65        119BA
__ptext66                                                 text66        1173A
__ptext67                                                 text67        11C18
__ptext68                                                 text68        13AD2
__ptext69                                                 text69        13E0C
__ptext7                                                  text7         14AB4
__ptext71                                                 text71        14B4E
__ptext72                                                 text72        14AEC
__ptext73                                                 text73        14CC0
__ptext74                                                 text74        1371C
__ptext75                                                 text75        14942
__ptext8                                                  text8         14BD0
__ptext9                                                  text9         14A3E
__ramtop                                                  ramtop        01000
__smallconst                                              smallconst    00000
_canControlResetValues                                    mediumconst   0FF8D
_canFifoResetValues                                       mediumconst   0FFDD
_carState                                                 bssCOMRAM     00001
_dummy                                                    bssCOMRAM     0001C
_handleAccelerationCAN                                    text22        12882
_lightContol_BackLight                                    text24        1403E
_lightContol_FrontLight                                   text23        140F2
_lightControl_Process                                     text19        126DA
_main                                                     text0         13612
_motorControl                                             text21        139F2
_motorControl_Process                                     text20        11E64
_spi2_configuration                                       mediumconst   0FFE9
_spiReceiveBuffer                                         bssBANK2      00200
_spiTransmitBuffer                                        bssBANK1      00100
_theXF                                                    bssBIGRAM     002C8
_timer0ReloadVal                                          bssCOMRAM     00022
_updateCarState                                           text1         120AC
btemp                                                     temp          0002A
end_of_initialization                                     cinit         147B2
handleAccelerationCAN@F6656                               bssBANK0      00090
handleAccelerationCAN@lastPower                           dataCOMRAM    0005F
intlevel0                                                 text          00000
intlevel1                                                 text          00000
intlevel2                                                 text          00000
intlevel3                                                 text          00000
isa$std                                                   (abs)         00001
isa$xinst                                                 (abs)         00000
lightContol_BackLight@F6688                               bssBANK0      00060
lightContol_BackLight@lastLight                           bssCOMRAM     00026
lightContol_FrontLight@F6682                              bssBANK0      00070
lightContol_FrontLight@lastLight                          bssCOMRAM     00027
lightControl_Process@oldState                             bssCOMRAM     00024
lightControl_Process@state                                bssCOMRAM     00025
lltemp0                                                   temp          0002A
lltemp1                                                   temp          00032
lltemp2                                                   temp          0003A
lltemp3                                                   temp          00042
ltemp0                                                    temp          0002A
ltemp1                                                    temp          0002E
ltemp2                                                    temp          00032
motorControl@F6676                                        bssBANK0      00080
motorControl@lastPercent                                  bssCOMRAM     00029
motorControl@lastStarter                                  bssCOMRAM     00028
motorControl_Process@oldState                             dataCOMRAM    0005D
motorControl_Process@state                                dataCOMRAM    0005E
stackhi                                                   (abs)         00E7F
stacklo                                                   (abs)         003E2
start                                                     init          000AE
start_initialization                                      cinit         14750
ttemp0                                                    temp          0002A
ttemp1                                                    temp          0002D
ttemp2                                                    temp          00030
ttemp3                                                    temp          00033
ttemp5                                                    temp          0002B
ttemp6                                                    temp          0002E
ttemp7                                                    temp          00032
wtemp0                                                    temp          0002A
wtemp1                                                    temp          0002C
wtemp2                                                    temp          0002E
wtemp3                                                    temp          00030
wtemp4                                                    temp          00032
wtemp5                                                    temp          00034
wtemp8                                                    temp          0002B


MODULE INFORMATION

Module		Function		Class		Link	Load	Size
xf/event.c
		_Event_init    		CODE           	149F0	0000	78
		_Event_setDelay		CODE           	14AB4	0000	56
		_Event_setPE   		CODE           	14A3E	0000	60
		_Event_setId   		CODE           	14C34	0000	26
		_Event_getDelay		CODE           	14BD0	0000	38

xf/event.c estimated size: 258

mcc_generated_files/interrupt_manager.c
		_INTERRUPT_Initialize		CODE           	14CB8	0000	4
		_INTERRUPT_InterruptManager		CODE           	0008	0000	166

mcc_generated_files/interrupt_manager.c estimated size: 170

mcc_generated_files/tmr0.c
		_TMR0_SetInterruptHandler		CODE           	14BF6	0000	34
		_TMR0_DefaultInterruptHandler		CODE           	14CC0	0000	2
		_TMR0_CallBack 		CODE           	14AEC	0000	52
		_TMR0_ISR      		CODE           	14B4E	0000	46
		_TMR0_Initialize		CODE           	14A7A	0000	58

mcc_generated_files/tmr0.c estimated size: 192

mcc_generated_files/pin_manager.c
		_PIN_MANAGER_Initialize		CODE           	14B20	0000	46

mcc_generated_files/pin_manager.c estimated size: 46

C:\Program Files\Microchip\xc8\v2.50\pic\sources\c99\common\awmod.c
		___awmod       		CODE           	12FF2	0000	330

C:\Program Files\Microchip\xc8\v2.50\pic\sources\c99\common\awmod.c estimated size: 330

can/can.c
		_DRV_CANFDSPI_TransmitChannelLoad		CODE           	10000	0000	1868
		_DRV_CANFDSPI_ReadByte		CODE           	14880	0000	98
		_DRV_CANFDSPI_TimeStampEnable		CODE           	148E2	0000	96
		_DRV_CANFDSPI_FilterToFifoLink		CODE           	14434	0000	150
		_DRV_CANFDSPI_TransmitChannelEventGet		CODE           	1439C	0000	152
		_DRV_CANFDSPI_WriteByteArray		CODE           	134F8	0000	282
		_DRV_CANFDSPI_TimeStampPrescalerSet		CODE           	14C18	0000	28
		_CanSetFilter  		CODE           	146E6	0000	106
		_DRV_CANFDSPI_ReceiveChannelEventGet		CODE           	142F8	0000	164
		_DRV_CANFDSPI_Configure		CODE           	1173A	0000	640
		_DRV_CANFDSPI_DlcToDataBytes		CODE           	124FC	0000	478
		_DRV_CANFDSPI_ReceiveChannelUpdate		CODE           	14672	0000	116
		_DRV_CANFDSPI_TransmitChannelConfigureObjectReset		CODE           	133BE	0000	314
		_DRV_CANFDSPI_WriteByte		CODE           	1499A	0000	86
		_DRV_CANFDSPI_OperationModeSelect		CODE           	145EC	0000	134
		_DRV_CANFDSPI_TransmitChannelUpdate		CODE           	141A0	0000	174
		_DRV_CANFDSPI_WriteHalfWord		CODE           	13D42	0000	202
		_DRV_CANFDSPI_ReceiveChannelConfigure		CODE           	1313C	0000	322
		_DRV_CANFDSPI_ReceiveMessageGet		CODE           	1074C	0000	1768
		_DRV_CANFDSPI_ReadWordArray		CODE           	114B2	0000	648
		_DRV_CANFDSPI_BitTimeConfigureNominal40MHz		CODE           	11C18	0000	588
		_DRV_CANFDSPI_FilterObjectConfigure		CODE           	10E34	0000	842
		_DRV_CANFDSPI_FilterDisable		CODE           	144CA	0000	146
		_CanReceive    		CODE           	147B8	0000	100
		_DRV_CANFDSPI_TransmitChannelConfigure		CODE           	12B9C	0000	386
		_DRV_CANFDSPI_TefConfigure		CODE           	13ED0	0000	184
		_DRV_CANFDSPI_TimeStampSet		CODE           	14BA8	0000	40
		_DRV_CANFDSPI_Reset		CODE           	14B7C	0000	44
		_CanInit       		CODE           	122EE	0000	526
		_CanSend       		CODE           	1424E	0000	170
		_DRV_CANFDSPI_TransmitQueueConfigureObjectReset		CODE           	1381A	0000	238
		_DRV_CANFDSPI_WriteWord		CODE           	13AD2	0000	216
		_SpiTransfer   		CODE           	13E0C	0000	196
		_DRV_CANFDSPI_ReadByteArray		CODE           	12A10	0000	396
		_DRV_CANFDSPI_TransmitQueueConfigure		CODE           	1327E	0000	320
		_DRV_CANFDSPI_ModuleEventEnable		CODE           	1481C	0000	100
		_DRV_CANFDSPI_ConfigureObjectReset		CODE           	119BA	0000	606
		_DRV_CANFDSPI_FilterMaskConfigure		CODE           	1117E	0000	820

can/can.c estimated size: 13744

shared
		_canFifoResetValues		MEDIUMCONST    	FFDD	0000	12
		_canControlResetValues		MEDIUMCONST    	FF8D	0000	80
		__initialization		CODE           	14750	0000	98
		_spi2_configuration		MEDIUMCONST    	FFE9	0000	4

shared estimated size: 194

mcc_generated_files/mcc.c
		_OSCILLATOR_Initialize		CODE           	14CA4	0000	8
		_SYSTEM_Initialize		CODE           	14C7E	0000	22

mcc_generated_files/mcc.c estimated size: 30

xf/xf.c
		_XF_executeOnce		CODE           	1455C	0000	144
		_XF_noMoreTimer		CODE           	14CAC	0000	6
		_XF_noMoreEvent		CODE           	14CB2	0000	6
		_XF_popEvent   		CODE           	13C76	0000	204
		_XF_init       		CODE           	12E9E	0000	340
		_XF_pushEvent  		CODE           	12D1E	0000	384
		_XF_post       		CODE           	13BAA	0000	204
		_ENTERCRITICAL 		CODE           	14C66	0000	24
		_XF_decrementAndQueueTimers		CODE           	1371C	0000	254
		_XF_unscheduleTimer		CODE           	14942	0000	88
		_XF_scheduleTimer		CODE           	13908	0000	234
		_LEAVECRITICAL 		CODE           	14C4E	0000	24

xf/xf.c estimated size: 1912

mcc_generated_files/spi2.c
		_SPI2_Open     		CODE           	13F88	0000	182
		_SPI2_Initialize		CODE           	14C94	0000	16

mcc_generated_files/spi2.c estimated size: 198

main.c
		_main          		CODE           	13612	0000	266

main.c estimated size: 266

carFunctions.c
		_handleAccelerationCAN		CODE           	12882	0000	398
		_motorControl  		CODE           	139F2	0000	224
		_motorControl_Process		CODE           	11E64	0000	584
		_lightContol_FrontLight		CODE           	140F2	0000	174
		_lightControl_Process		CODE           	126DA	0000	424
		_updateCarState		CODE           	120AC	0000	578
		_lightContol_BackLight		CODE           	1403E	0000	180

carFunctions.c estimated size: 2562

